Archive member included to satisfy reference by file (symbol)

c:/nxp/s32ds_arm_v2.2/s32ds/build_tools/gcc_v6.3/gcc-6.3-arm32-eabi/bin/../lib/gcc/arm-none-eabi/6.3.1/thumb/v7e-m/fpv4-sp/hard\libgcc.a(_arm_addsubdf3.o)
                              ./Sources/ecu_config/ecu_drivers/afe_drivers/afe_data_proccesing.o (__aeabi_dsub)
c:/nxp/s32ds_arm_v2.2/s32ds/build_tools/gcc_v6.3/gcc-6.3-arm32-eabi/bin/../lib/gcc/arm-none-eabi/6.3.1/thumb/v7e-m/fpv4-sp/hard\libgcc.a(_arm_muldivdf3.o)
                              ./Sources/bms_application/bussines_logic/can_debug.o (__aeabi_dmul)
c:/nxp/s32ds_arm_v2.2/s32ds/build_tools/gcc_v6.3/gcc-6.3-arm32-eabi/bin/../lib/gcc/arm-none-eabi/6.3.1/thumb/v7e-m/fpv4-sp/hard\libgcc.a(_arm_cmpdf2.o)
                              ./Sources/bms_application/state_machine/hsm.o (__aeabi_dcmple)
c:/nxp/s32ds_arm_v2.2/s32ds/build_tools/gcc_v6.3/gcc-6.3-arm32-eabi/bin/../lib/gcc/arm-none-eabi/6.3.1/thumb/v7e-m/fpv4-sp/hard\libgcc.a(_arm_fixdfsi.o)
                              ./Sources/ecu_config/ecu_drivers/afe_drivers/afe_data_proccesing.o (__aeabi_d2iz)
c:/nxp/s32ds_arm_v2.2/s32ds/build_tools/gcc_v6.3/gcc-6.3-arm32-eabi/bin/../lib/gcc/arm-none-eabi/6.3.1/thumb/v7e-m/fpv4-sp/hard\libgcc.a(_arm_fixunsdfsi.o)
                              ./Sources/bms_application/bussines_logic/can_debug.o (__aeabi_d2uiz)
c:/nxp/s32ds_arm_v2.2/s32ds/build_tools/gcc_v6.3/gcc-6.3-arm32-eabi/bin/../lib/gcc/arm-none-eabi/6.3.1/thumb/v7e-m/fpv4-sp/hard\libgcc.a(_arm_truncdfsf2.o)
                              ./Sources/ecu_config/ecu_drivers/afe_drivers/afe_data_proccesing.o (__aeabi_d2f)
c:/nxp/s32ds_arm_v2.2/s32ds/build_tools/gcc_v6.3/gcc-6.3-arm32-eabi/bin/../lib/gcc/arm-none-eabi/6.3.1/thumb/v7e-m/fpv4-sp/hard\libgcc.a(_aeabi_uldivmod.o)
                              ./SDK/platform/drivers/src/lpit/lpit_driver.o (__aeabi_uldivmod)
c:/nxp/s32ds_arm_v2.2/s32ds/build_tools/gcc_v6.3/gcc-6.3-arm32-eabi/bin/../lib/gcc/arm-none-eabi/6.3.1/thumb/v7e-m/fpv4-sp/hard\libgcc.a(_udivmoddi4.o)
                              c:/nxp/s32ds_arm_v2.2/s32ds/build_tools/gcc_v6.3/gcc-6.3-arm32-eabi/bin/../lib/gcc/arm-none-eabi/6.3.1/thumb/v7e-m/fpv4-sp/hard\libgcc.a(_aeabi_uldivmod.o) (__udivmoddi4)
c:/nxp/s32ds_arm_v2.2/s32ds/build_tools/gcc_v6.3/gcc-6.3-arm32-eabi/bin/../lib/gcc/arm-none-eabi/6.3.1/thumb/v7e-m/fpv4-sp/hard\libgcc.a(_dvmd_tls.o)
                              c:/nxp/s32ds_arm_v2.2/s32ds/build_tools/gcc_v6.3/gcc-6.3-arm32-eabi/bin/../lib/gcc/arm-none-eabi/6.3.1/thumb/v7e-m/fpv4-sp/hard\libgcc.a(_aeabi_uldivmod.o) (__aeabi_ldiv0)
C:/NXP/S32DS_ARM_v2.2/S32DS/build_tools/gcc_v6.3/gcc-6.3-arm32-eabi/arm-none-eabi/newlib/lib/thumb/v7e-m/fpv4-sp/hard\libc_nano.a(lib_a-exit.o)
                              C:/NXP/S32DS_ARM_v2.2/S32DS/build_tools/gcc_v6.3/gcc-6.3-arm32-eabi/arm-none-eabi/newlib/lib/thumb/v7e-m/fpv4-sp/hard/crt0.o (exit)
C:/NXP/S32DS_ARM_v2.2/S32DS/build_tools/gcc_v6.3/gcc-6.3-arm32-eabi/arm-none-eabi/newlib/lib/thumb/v7e-m/fpv4-sp/hard\libc_nano.a(lib_a-impure.o)
                              C:/NXP/S32DS_ARM_v2.2/S32DS/build_tools/gcc_v6.3/gcc-6.3-arm32-eabi/arm-none-eabi/newlib/lib/thumb/v7e-m/fpv4-sp/hard\libc_nano.a(lib_a-exit.o) (_global_impure_ptr)
C:/NXP/S32DS_ARM_v2.2/S32DS/build_tools/gcc_v6.3/gcc-6.3-arm32-eabi/arm-none-eabi/newlib/lib/thumb/v7e-m/fpv4-sp/hard\libc_nano.a(lib_a-init.o)
                              C:/NXP/S32DS_ARM_v2.2/S32DS/build_tools/gcc_v6.3/gcc-6.3-arm32-eabi/arm-none-eabi/newlib/lib/thumb/v7e-m/fpv4-sp/hard/crt0.o (__libc_init_array)
C:/NXP/S32DS_ARM_v2.2/S32DS/build_tools/gcc_v6.3/gcc-6.3-arm32-eabi/arm-none-eabi/newlib/lib/thumb/v7e-m/fpv4-sp/hard\libc_nano.a(lib_a-memcpy-stub.o)
                              ./SDK/rtos/FreeRTOS_S32K/Source/queue.o (memcpy)
C:/NXP/S32DS_ARM_v2.2/S32DS/build_tools/gcc_v6.3/gcc-6.3-arm32-eabi/arm-none-eabi/newlib/lib/thumb/v7e-m/fpv4-sp/hard\libc_nano.a(lib_a-memset.o)
                              C:/NXP/S32DS_ARM_v2.2/S32DS/build_tools/gcc_v6.3/gcc-6.3-arm32-eabi/arm-none-eabi/newlib/lib/thumb/v7e-m/fpv4-sp/hard/crt0.o (memset)
C:/NXP/S32DS_ARM_v2.2/S32DS/build_tools/gcc_v6.3/gcc-6.3-arm32-eabi/arm-none-eabi/newlib/lib/thumb/v7e-m/fpv4-sp/hard\libnosys.a(_exit.o)
                              C:/NXP/S32DS_ARM_v2.2/S32DS/build_tools/gcc_v6.3/gcc-6.3-arm32-eabi/arm-none-eabi/newlib/lib/thumb/v7e-m/fpv4-sp/hard\libc_nano.a(lib_a-exit.o) (_exit)

Discarded input sections

 .text          0x00000000        0x0 c:/nxp/s32ds_arm_v2.2/s32ds/build_tools/gcc_v6.3/gcc-6.3-arm32-eabi/bin/../lib/gcc/arm-none-eabi/6.3.1/thumb/v7e-m/fpv4-sp/hard/crti.o
 .data          0x00000000        0x0 c:/nxp/s32ds_arm_v2.2/s32ds/build_tools/gcc_v6.3/gcc-6.3-arm32-eabi/bin/../lib/gcc/arm-none-eabi/6.3.1/thumb/v7e-m/fpv4-sp/hard/crti.o
 .bss           0x00000000        0x0 c:/nxp/s32ds_arm_v2.2/s32ds/build_tools/gcc_v6.3/gcc-6.3-arm32-eabi/bin/../lib/gcc/arm-none-eabi/6.3.1/thumb/v7e-m/fpv4-sp/hard/crti.o
[...]
Memory Configuration

Name             Origin             Length             Attributes
m_interrupts     0x00000000         0x00000400         xr
m_flash_config   0x00000400         0x00000010         xr
m_text           0x00000410         0x07fbf000         xr
m_data           0x1fff8000         0x00008000         rw
m_data_2         0x20000000         0x00007000         rw
*default*        0x00000000         0xffffffff

Linker script and memory map

LOAD c:/nxp/s32ds_arm_v2.2/s32ds/build_tools/gcc_v6.3/gcc-6.3-arm32-eabi/bin/../lib/gcc/arm-none-eabi/6.3.1/thumb/v7e-m/fpv4-sp/hard/crti.o
LOAD c:/nxp/s32ds_arm_v2.2/s32ds/build_tools/gcc_v6.3/gcc-6.3-arm32-eabi/bin/../lib/gcc/arm-none-eabi/6.3.1/thumb/v7e-m/fpv4-sp/hard/crtbegin.o
LOAD C:/NXP/S32DS_ARM_v2.2/S32DS/build_tools/gcc_v6.3/gcc-6.3-arm32-eabi/arm-none-eabi/newlib/lib/thumb/v7e-m/fpv4-sp/hard/crt0.o
LOAD ./Generated_Code/Cpu.o
LOAD ./Generated_Code/Flash1.o
LOAD ./Generated_Code/adc_pal1.o
LOAD ./Generated_Code/canCom1.o
LOAD ./Generated_Code/clockMan1.o
LOAD ./Generated_Code/dmaController1.o
LOAD ./Generated_Code/flexTimer_pwm1.o
LOAD ./Generated_Code/flexio_i2c.o
LOAD ./Generated_Code/lpi2c1.o
LOAD ./Generated_Code/lpit1.o
LOAD ./Generated_Code/lpuart1.o
LOAD ./Generated_Code/pin_mux.o
LOAD ./Generated_Code/wdg_pal1.o
LOAD ./Project_Settings/Startup_Code/startup_S32K144.o
LOAD ./SDK/platform/devices/S32K144/startup/system_S32K144.o
LOAD ./SDK/platform/devices/startup.o
LOAD ./SDK/platform/drivers/src/adc/adc_driver.o
LOAD ./SDK/platform/drivers/src/clock/S32K1xx/clock_S32K1xx.o
LOAD ./SDK/platform/drivers/src/edma/edma_driver.o
LOAD ./SDK/platform/drivers/src/edma/edma_hw_access.o
LOAD ./SDK/platform/drivers/src/edma/edma_irq.o
LOAD ./SDK/platform/drivers/src/flash/flash_driver.o
LOAD ./SDK/platform/drivers/src/flexcan/flexcan_driver.o
LOAD ./SDK/platform/drivers/src/flexcan/flexcan_hw_access.o
LOAD ./SDK/platform/drivers/src/flexcan/flexcan_irq.o
LOAD ./SDK/platform/drivers/src/flexio/flexio_common.o
LOAD ./SDK/platform/drivers/src/flexio/flexio_i2c_driver.o
LOAD ./SDK/platform/drivers/src/ftm/ftm_common.o
LOAD ./SDK/platform/drivers/src/ftm/ftm_hw_access.o
LOAD ./SDK/platform/drivers/src/ftm/ftm_pwm_driver.o
LOAD ./SDK/platform/drivers/src/interrupt/interrupt_manager.o
LOAD ./SDK/platform/drivers/src/lpi2c/lpi2c_driver.o
LOAD ./SDK/platform/drivers/src/lpi2c/lpi2c_hw_access.o
LOAD ./SDK/platform/drivers/src/lpi2c/lpi2c_irq.o
LOAD ./SDK/platform/drivers/src/lpit/lpit_driver.o
LOAD ./SDK/platform/drivers/src/lpuart/lpuart_driver.o
LOAD ./SDK/platform/drivers/src/lpuart/lpuart_hw_access.o
LOAD ./SDK/platform/drivers/src/lpuart/lpuart_irq.o
LOAD ./SDK/platform/drivers/src/pdb/pdb_driver.o
LOAD ./SDK/platform/drivers/src/pdb/pdb_hw_access.o
LOAD ./SDK/platform/drivers/src/pins/pins_driver.o
LOAD ./SDK/platform/drivers/src/pins/pins_port_hw_access.o
LOAD ./SDK/platform/drivers/src/trgmux/trgmux_driver.o
LOAD ./SDK/platform/drivers/src/trgmux/trgmux_hw_access.o
LOAD ./SDK/platform/drivers/src/wdog/wdog_driver.o
LOAD ./SDK/platform/drivers/src/wdog/wdog_hw_access.o
LOAD ./SDK/platform/pal/src/adc/adc_irq.o
LOAD ./SDK/platform/pal/src/adc/adc_pal.o
LOAD ./SDK/platform/pal/src/wdg/wdg_pal.o
LOAD ./SDK/rtos/FreeRTOS_S32K/Source/croutine.o
LOAD ./SDK/rtos/FreeRTOS_S32K/Source/event_groups.o
LOAD ./SDK/rtos/FreeRTOS_S32K/Source/list.o
LOAD ./SDK/rtos/FreeRTOS_S32K/Source/queue.o
LOAD ./SDK/rtos/FreeRTOS_S32K/Source/stream_buffer.o
LOAD ./SDK/rtos/FreeRTOS_S32K/Source/tasks.o
LOAD ./SDK/rtos/FreeRTOS_S32K/Source/timers.o
LOAD ./SDK/rtos/FreeRTOS_S32K/Source/portable/GCC/ARM_CM4F/port.o
LOAD ./SDK/rtos/osif/osif_freertos.o
LOAD ./Sources/bms_application/application/app_timer.o
LOAD ./Sources/bms_application/application/common.o
LOAD ./Sources/bms_application/bussines_logic/can_comm.o
LOAD ./Sources/bms_application/bussines_logic/can_debug.o
LOAD ./Sources/bms_application/protection/bms_protection.o
LOAD ./Sources/bms_application/rtos_task/data_proccessing.o
LOAD ./Sources/bms_application/rtos_task/queue_handling.o
LOAD ./Sources/bms_application/rtos_task/soc_estimation.o
LOAD ./Sources/bms_application/rtos_task/state_proccessing.o
LOAD ./Sources/bms_application/rtos_task/vpush_rtos.o
LOAD ./Sources/bms_application/rtos_task/wdg_task.o
LOAD ./Sources/bms_application/state_machine/hsm.o
LOAD ./Sources/ecu_config/bsp_config.o
LOAD ./Sources/ecu_config/ecu_drivers/afe_drivers/afe_config.o
LOAD ./Sources/ecu_config/ecu_drivers/afe_drivers/afe_data_proccesing.o
LOAD ./Sources/ecu_config/rtos_abstraction/rtos_abstraction.o
LOAD ./Sources/main.o
LOAD ./Sources/mcu_drivers/drv_adc.o
LOAD ./Sources/mcu_drivers/drv_can.o
LOAD ./Sources/mcu_drivers/drv_flash.o
LOAD ./Sources/mcu_drivers/drv_gpio.o
LOAD ./Sources/mcu_drivers/drv_i2c.o
LOAD ./Sources/mcu_drivers/drv_nvic.o
LOAD ./Sources/mcu_drivers/drv_timer.o
LOAD ./Sources/mcu_drivers/drv_uart.o
LOAD ./Sources/mcu_drivers/drv_wdg.o
LOAD ./Sources/test_automation/automation.o
START GROUP
LOAD c:/nxp/s32ds_arm_v2.2/s32ds/build_tools/gcc_v6.3/gcc-6.3-arm32-eabi/bin/../lib/gcc/arm-none-eabi/6.3.1/thumb/v7e-m/fpv4-sp/hard\libgcc.a
LOAD C:/NXP/S32DS_ARM_v2.2/S32DS/build_tools/gcc_v6.3/gcc-6.3-arm32-eabi/arm-none-eabi/newlib/lib/thumb/v7e-m/fpv4-sp/hard\libc_nano.a
END GROUP
START GROUP
LOAD c:/nxp/s32ds_arm_v2.2/s32ds/build_tools/gcc_v6.3/gcc-6.3-arm32-eabi/bin/../lib/gcc/arm-none-eabi/6.3.1/thumb/v7e-m/fpv4-sp/hard\libgcc.a
LOAD C:/NXP/S32DS_ARM_v2.2/S32DS/build_tools/gcc_v6.3/gcc-6.3-arm32-eabi/arm-none-eabi/newlib/lib/thumb/v7e-m/fpv4-sp/hard\libc_nano.a
LOAD C:/NXP/S32DS_ARM_v2.2/S32DS/build_tools/gcc_v6.3/gcc-6.3-arm32-eabi/arm-none-eabi/newlib/lib/thumb/v7e-m/fpv4-sp/hard\libnosys.a
END GROUP
START GROUP
LOAD c:/nxp/s32ds_arm_v2.2/s32ds/build_tools/gcc_v6.3/gcc-6.3-arm32-eabi/bin/../lib/gcc/arm-none-eabi/6.3.1/thumb/v7e-m/fpv4-sp/hard\libgcc.a
LOAD C:/NXP/S32DS_ARM_v2.2/S32DS/build_tools/gcc_v6.3/gcc-6.3-arm32-eabi/arm-none-eabi/newlib/lib/thumb/v7e-m/fpv4-sp/hard\libc_nano.a
LOAD C:/NXP/S32DS_ARM_v2.2/S32DS/build_tools/gcc_v6.3/gcc-6.3-arm32-eabi/arm-none-eabi/newlib/lib/thumb/v7e-m/fpv4-sp/hard\libnosys.a
END GROUP
LOAD c:/nxp/s32ds_arm_v2.2/s32ds/build_tools/gcc_v6.3/gcc-6.3-arm32-eabi/bin/../lib/gcc/arm-none-eabi/6.3.1/thumb/v7e-m/fpv4-sp/hard/crtend.o
LOAD c:/nxp/s32ds_arm_v2.2/s32ds/build_tools/gcc_v6.3/gcc-6.3-arm32-eabi/bin/../lib/gcc/arm-none-eabi/6.3.1/thumb/v7e-m/fpv4-sp/hard/crtn.o
                0x00000400                HEAP_SIZE = DEFINED (__heap_size__)?__heap_size__:0x400
                0x00000400                STACK_SIZE = DEFINED (__stack_size__)?__stack_size__:0x400
                0x00000400                M_VECTOR_RAM_SIZE = DEFINED (__flash_vector_table__)?0x0:0x400

.interrupts     0x00000000      0x400
                0x00000000                __VECTOR_TABLE = .
                0x00000000                __interrupts_start__ = .
                0x00000000                . = ALIGN (0x4)
 *(.isr_vector)
 .isr_vector    0x00000000      0x400 ./Project_Settings/Startup_Code/startup_S32K144.o
                0x00000000                __isr_vector
                0x00000400                __interrupts_end__ = .
                0x00000400                . = ALIGN (0x4)

.flash_config   0x00000400       0x10
                0x00000400                . = ALIGN (0x4)
 *(.FlashConfig)
 .FlashConfig   0x00000400       0x10 ./Project_Settings/Startup_Code/startup_S32K144.o
                0x00000410                . = ALIGN (0x4)

.text           0x00000410     0x9ae0
                0x00000410                . = ALIGN (0x4)
 *(.text)
 .text          0x00000410       0x4c ./Project_Settings/Startup_Code/startup_S32K144.o
                0x00000410                Reset_Handler
                0x00000458                DebugMon_Handler
                0x00000458                Reserved88_IRQHandler
                0x00000458                HardFault_Handler
                0x00000458                Reserved86_IRQHandler
                0x00000458                Reserved103_IRQHandler
                0x00000458                FTM2_Ovf_Reload_IRQHandler
                0x00000458                Reserved50_IRQHandler
                0x00000458                FTFC_Fault_IRQHandler
                0x00000458                FTM0_Ch6_Ch7_IRQHandler
                0x00000458                Reserved114_IRQHandler
                0x00000458                NMI_Handler
                0x00000458                Reserved89_IRQHandler
                0x00000458                ERM_double_fault_IRQHandler
                0x00000458                Reserved59_IRQHandler
                0x00000458                LPIT0_Ch0_IRQHandler
                0x00000458                Reserved99_IRQHandler
                0x00000458                FTM3_Ch6_Ch7_IRQHandler
                0x00000458                LPIT0_Ch3_IRQHandler
                0x00000458                Reserved92_IRQHandler
                0x00000458                FTM0_Ch4_Ch5_IRQHandler
                0x00000458                FTM3_Ch0_Ch1_IRQHandler
                0x00000458                SWI_IRQHandler
                0x00000458                FTM2_Ch4_Ch5_IRQHandler
                0x00000458                UsageFault_Handler
                0x00000458                FTM0_Ovf_Reload_IRQHandler
                0x00000458                DefaultISR
                0x00000458                Reserved58_IRQHandler
                0x00000458                FTM1_Ch2_Ch3_IRQHandler
                0x00000458                Reserved82_IRQHandler
                0x00000458                Reserved71_IRQHandler
                0x00000458                PORTD_IRQHandler
                0x00000458                Reserved69_IRQHandler
                0x00000458                PORTB_IRQHandler
                0x00000458                Reserved70_IRQHandler
                0x00000458                FTM2_Ch2_Ch3_IRQHandler
                0x00000458                Reserved53_IRQHandler
                0x00000458                RTC_IRQHandler
                0x00000458                PDB0_IRQHandler
                0x00000458                Reserved54_IRQHandler
                0x00000458                FTM2_Ch6_Ch7_IRQHandler
                0x00000458                FTM3_Ch2_Ch3_IRQHandler
                0x00000458                FTM2_Ch0_Ch1_IRQHandler
                0x00000458                LPSPI1_IRQHandler
                0x00000458                LPUART1_RxTx_IRQHandler
                0x00000458                RTC_Seconds_IRQHandler
                0x00000458                Reserved72_IRQHandler
                0x00000458                Reserved110_IRQHandler
                0x00000458                Reserved107_IRQHandler
                0x00000458                Read_Collision_IRQHandler
                0x00000458                FTFC_IRQHandler
                0x00000458                FTM1_Ch6_Ch7_IRQHandler
                0x00000458                Reserved105_IRQHandler
                0x00000458                LPIT0_Ch1_IRQHandler
                0x00000458                FTM1_Ch4_Ch5_IRQHandler
                0x00000458                FTM3_Ovf_Reload_IRQHandler
                0x00000458                LPUART2_RxTx_IRQHandler
                0x00000458                LPSPI0_IRQHandler
                0x00000458                WDOG_EWM_IRQHandler
                0x00000458                MemManage_Handler
                0x00000458                Reserved90_IRQHandler
                0x00000458                Reserved83_IRQHandler
                0x00000458                FTM0_Fault_IRQHandler
                0x00000458                Reserved48_IRQHandler
                0x00000458                ERM_single_fault_IRQHandler
                0x00000458                FTM2_Fault_IRQHandler
                0x00000458                FTM0_Ch2_Ch3_IRQHandler
                0x00000458                FTM0_Ch0_Ch1_IRQHandler
                0x00000458                FTM3_Fault_IRQHandler
                0x00000458                RCM_IRQHandler
                0x00000458                Reserved100_IRQHandler
                0x00000458                Reserved91_IRQHandler
                0x00000458                SCG_IRQHandler
                0x00000458                PDB1_IRQHandler
                0x00000458                Reserved81_IRQHandler
                0x00000458                Reserved46_IRQHandler
                0x00000458                Reserved45_IRQHandler
                0x00000458                Reserved112_IRQHandler
                0x00000458                FTM1_Fault_IRQHandler
                0x00000458                Reserved106_IRQHandler
                0x00000458                LVD_LVW_IRQHandler
                0x00000458                LPIT0_Ch2_IRQHandler
                0x00000458                PORTA_IRQHandler
                0x00000458                MCM_IRQHandler
                0x00000458                LPSPI2_IRQHandler
                0x00000458                FTM3_Ch4_Ch5_IRQHandler
                0x00000458                PORTE_IRQHandler
                0x00000458                LPUART0_RxTx_IRQHandler
                0x00000458                LPTMR0_IRQHandler
                0x00000458                BusFault_Handler
                0x00000458                Reserved87_IRQHandler
                0x00000458                FTM1_Ovf_Reload_IRQHandler
                0x00000458                Reserved93_IRQHandler
                0x00000458                CMP0_IRQHandler
                0x00000458                Reserved52_IRQHandler
                0x00000458                PORTC_IRQHandler
                0x00000458                FTM1_Ch0_Ch1_IRQHandler
                0x00000458                Reserved113_IRQHandler
 .text          0x0000045c      0x378 c:/nxp/s32ds_arm_v2.2/s32ds/build_tools/gcc_v6.3/gcc-6.3-arm32-eabi/bin/../lib/gcc/arm-none-eabi/6.3.1/thumb/v7e-m/fpv4-sp/hard\libgcc.a(_arm_addsubdf3.o)
                0x0000045c                __aeabi_drsub
                0x00000464                __aeabi_dsub
                0x00000464                __subdf3
                0x00000468                __aeabi_dadd
                0x00000468                __adddf3
                0x000006e0                __floatunsidf
                0x000006e0                __aeabi_ui2d
                0x00000700                __floatsidf
                0x00000700                __aeabi_i2d
                0x00000724                __aeabi_f2d
                0x00000724                __extendsfdf2
                0x00000768                __floatundidf
                0x00000768                __aeabi_ul2d
                0x00000778                __floatdidf
                0x00000778                __aeabi_l2d
 .text          0x000007d4      0x424 c:/nxp/s32ds_arm_v2.2/s32ds/build_tools/gcc_v6.3/gcc-6.3-arm32-eabi/bin/../lib/gcc/arm-none-eabi/6.3.1/thumb/v7e-m/fpv4-sp/hard\libgcc.a(_arm_muldivdf3.o)
                0x000007d4                __aeabi_dmul
                0x000007d4                __muldf3
                0x00000a28                __divdf3
                0x00000a28                __aeabi_ddiv
 .text          0x00000bf8      0x110 c:/nxp/s32ds_arm_v2.2/s32ds/build_tools/gcc_v6.3/gcc-6.3-arm32-eabi/bin/../lib/gcc/arm-none-eabi/6.3.1/thumb/v7e-m/fpv4-sp/hard\libgcc.a(_arm_cmpdf2.o)
                0x00000bf8                __gtdf2
                0x00000bf8                __gedf2
                0x00000c00                __ltdf2
                0x00000c00                __ledf2
                0x00000c08                __nedf2
                0x00000c08                __eqdf2
                0x00000c08                __cmpdf2
                0x00000c84                __aeabi_cdrcmple
                0x00000c94                __aeabi_cdcmpeq
                0x00000c94                __aeabi_cdcmple
                0x00000ca4                __aeabi_dcmpeq
                0x00000cb8                __aeabi_dcmplt
                0x00000ccc                __aeabi_dcmple
                0x00000ce0                __aeabi_dcmpge
                0x00000cf4                __aeabi_dcmpgt
 .text          0x00000d08       0x40 c:/nxp/s32ds_arm_v2.2/s32ds/build_tools/gcc_v6.3/gcc-6.3-arm32-eabi/bin/../lib/gcc/arm-none-eabi/6.3.1/thumb/v7e-m/fpv4-sp/hard\libgcc.a(_arm_fixunsdfsi.o)
                0x00000d08                __aeabi_d2uiz
                0x00000d08                __fixunsdfsi
 .text          0x00000d48       0x30 c:/nxp/s32ds_arm_v2.2/s32ds/build_tools/gcc_v6.3/gcc-6.3-arm32-eabi/bin/../lib/gcc/arm-none-eabi/6.3.1/thumb/v7e-m/fpv4-sp/hard\libgcc.a(_aeabi_uldivmod.o)
                0x00000d48                __aeabi_uldivmod
 .text          0x00000d78      0x2e4 c:/nxp/s32ds_arm_v2.2/s32ds/build_tools/gcc_v6.3/gcc-6.3-arm32-eabi/bin/../lib/gcc/arm-none-eabi/6.3.1/thumb/v7e-m/fpv4-sp/hard\libgcc.a(_udivmoddi4.o)
                0x00000d78                __udivmoddi4
 .text          0x0000105c        0x4 c:/nxp/s32ds_arm_v2.2/s32ds/build_tools/gcc_v6.3/gcc-6.3-arm32-eabi/bin/../lib/gcc/arm-none-eabi/6.3.1/thumb/v7e-m/fpv4-sp/hard\libgcc.a(_dvmd_tls.o)
                0x0000105c                __aeabi_idiv0
                0x0000105c                __aeabi_ldiv0
 *(.text*)
 .text.SystemInit
                0x00001060       0x3c ./SDK/platform/devices/S32K144/startup/system_S32K144.o
                0x00001060                SystemInit
 .text.init_data_bss
                0x0000109c       0xd8 ./SDK/platform/devices/startup.o
                0x0000109c                init_data_bss
 .text.ADC_DRV_GetChanResult
                0x00001174       0x18 ./SDK/platform/drivers/src/adc/adc_driver.o
                0x00001174                ADC_DRV_GetChanResult
 .text.CLOCK_SYS_GetCurrentRunMode
                0x0000118c       0x24 ./SDK/platform/drivers/src/clock/S32K1xx/clock_S32K1xx.o
 .text.CLOCK_SYS_GetSysOscFreq
                0x000011b0       0x1c ./SDK/platform/drivers/src/clock/S32K1xx/clock_S32K1xx.o
 .text.CLOCK_SYS_ConfigureSOSC
                0x000011cc      0x12c ./SDK/platform/drivers/src/clock/S32K1xx/clock_S32K1xx.o
 .text.CLOCK_SYS_GetSircFreq
                0x000012f8       0x2c ./SDK/platform/drivers/src/clock/S32K1xx/clock_S32K1xx.o
 .text.CLOCK_SYS_ConfigureSIRC
                0x00001324       0xc4 ./SDK/platform/drivers/src/clock/S32K1xx/clock_S32K1xx.o
 .text.CLOCK_SYS_GetFircFreq
                0x000013e8       0x20 ./SDK/platform/drivers/src/clock/S32K1xx/clock_S32K1xx.o
 .text.CLOCK_SYS_ConfigureFIRC
                0x00001408       0xb4 ./SDK/platform/drivers/src/clock/S32K1xx/clock_S32K1xx.o
 .text.CLOCK_SYS_GetSysPllFreq
                0x000014bc       0x44 ./SDK/platform/drivers/src/clock/S32K1xx/clock_S32K1xx.o
 .text.CLOCK_SYS_ConfigureSPLL
                0x00001500      0x104 ./SDK/platform/drivers/src/clock/S32K1xx/clock_S32K1xx.o
 .text.CLOCK_SYS_SetSystemClockConfig
                0x00001604      0x1e4 ./SDK/platform/drivers/src/clock/S32K1xx/clock_S32K1xx.o
 .text.CLOCK_SYS_TransitionSystemClock
                0x000017e8       0x3c ./SDK/platform/drivers/src/clock/S32K1xx/clock_S32K1xx.o
 .text.CLOCK_SYS_GetSystemClockFreq
                0x00001824       0x78 ./SDK/platform/drivers/src/clock/S32K1xx/clock_S32K1xx.o
 .text.CLOCK_SYS_GetScgClkOutFreq
                0x0000189c       0x44 ./SDK/platform/drivers/src/clock/S32K1xx/clock_S32K1xx.o
 .text.CLOCK_SYS_GetSysAsyncFreq
                0x000018e0       0xd4 ./SDK/platform/drivers/src/clock/S32K1xx/clock_S32K1xx.o
 .text.CLOCK_SYS_GetSimRtcClkFreq
                0x000019b4       0x50 ./SDK/platform/drivers/src/clock/S32K1xx/clock_S32K1xx.o
 .text.CLOCK_SYS_GetPeripheralClock
                0x00001a04       0x78 ./SDK/platform/drivers/src/clock/S32K1xx/clock_S32K1xx.o
 .text.CLOCK_SYS_GetLpoFreq
                0x00001a7c       0x44 ./SDK/platform/drivers/src/clock/S32K1xx/clock_S32K1xx.o
 .text.CLOCK_SYS_GetSimClkOutFreq
                0x00001ac0       0x98 ./SDK/platform/drivers/src/clock/S32K1xx/clock_S32K1xx.o
 .text.CLOCK_DRV_Init
                0x00001b58      0x598 ./SDK/platform/drivers/src/clock/S32K1xx/clock_S32K1xx.o
                0x00001b58                CLOCK_DRV_Init
 .text.CLOCK_DRV_GetFreq
                0x000020f0      0x3a0 ./SDK/platform/drivers/src/clock/S32K1xx/clock_S32K1xx.o
                0x000020f0                CLOCK_DRV_GetFreq
 .text.CLOCK_SYS_GetFreq
                0x00002490        0x8 ./SDK/platform/drivers/src/clock/S32K1xx/clock_S32K1xx.o
                0x00002490                CLOCK_SYS_GetFreq
 .text.EDMA_DRV_ClearStructure
                0x00002498       0x10 ./SDK/platform/drivers/src/edma/edma_driver.o
 .text.EDMA_DRV_IRQHandler
                0x000024a8       0x2c ./SDK/platform/drivers/src/edma/edma_driver.o
                0x000024a8                EDMA_DRV_IRQHandler
 .text.EDMA_DRV_ErrorIRQHandler
                0x000024d4       0x3c ./SDK/platform/drivers/src/edma/edma_driver.o
                0x000024d4                EDMA_DRV_ErrorIRQHandler
 .text.EDMA_DRV_ConfigSingleBlockTransfer
                0x00002510      0x148 ./SDK/platform/drivers/src/edma/edma_driver.o
                0x00002510                EDMA_DRV_ConfigSingleBlockTransfer
 .text.EDMA_DRV_ConfigMultiBlockTransfer
                0x00002658       0x64 ./SDK/platform/drivers/src/edma/edma_driver.o
                0x00002658                EDMA_DRV_ConfigMultiBlockTransfer
 .text.EDMA_DRV_StartChannel
                0x000026bc       0x18 ./SDK/platform/drivers/src/edma/edma_driver.o
                0x000026bc                EDMA_DRV_StartChannel
 .text.EDMA_DRV_StopChannel
                0x000026d4       0x18 ./SDK/platform/drivers/src/edma/edma_driver.o
                0x000026d4                EDMA_DRV_StopChannel
 .text.EDMA_DRV_SetChannelRequestAndTrigger
                0x000026ec       0x44 ./SDK/platform/drivers/src/edma/edma_driver.o
                0x000026ec                EDMA_DRV_SetChannelRequestAndTrigger
 .text.EDMA_DRV_SetSrcOffset
                0x00002730       0x14 ./SDK/platform/drivers/src/edma/edma_driver.o
                0x00002730                EDMA_DRV_SetSrcOffset
 .text.EDMA_DRV_SetSrcLastAddrAdjustment
                0x00002744       0x16 ./SDK/platform/drivers/src/edma/edma_driver.o
                0x00002744                EDMA_DRV_SetSrcLastAddrAdjustment
 .text.EDMA_DRV_SetDestOffset
                0x0000275a       0x18 ./SDK/platform/drivers/src/edma/edma_driver.o
                0x0000275a                EDMA_DRV_SetDestOffset
 *fill*         0x00002772        0x2 
 .text.EDMA_DRV_GetRemainingMajorIterationsCount
                0x00002774       0x14 ./SDK/platform/drivers/src/edma/edma_driver.o
                0x00002774                EDMA_DRV_GetRemainingMajorIterationsCount
 .text.EDMA_DRV_PushConfigToSTCD
                0x00002788       0x8e ./SDK/platform/drivers/src/edma/edma_driver.o
                0x00002788                EDMA_DRV_PushConfigToSTCD
 *fill*         0x00002816        0x2 
 .text.EDMA_DRV_PushConfigToReg
                0x00002818      0x1d8 ./SDK/platform/drivers/src/edma/edma_driver.o
                0x00002818                EDMA_DRV_PushConfigToReg
 .text.EDMA_DRV_ConfigScatterGatherTransfer
                0x000029f0      0x1a0 ./SDK/platform/drivers/src/edma/edma_driver.o
                0x000029f0                EDMA_DRV_ConfigScatterGatherTransfer
 .text.EDMA_DRV_GetDmaRegBaseAddr
                0x00002b90        0x8 ./SDK/platform/drivers/src/edma/edma_driver.o
                0x00002b90                EDMA_DRV_GetDmaRegBaseAddr
 .text.EDMA_SetDmaRequestCmd
                0x00002b98        0xa ./SDK/platform/drivers/src/edma/edma_hw_access.o
                0x00002b98                EDMA_SetDmaRequestCmd
 .text.EDMA_TCDClearReg
                0x00002ba2       0x4a ./SDK/platform/drivers/src/edma/edma_hw_access.o
                0x00002ba2                EDMA_TCDClearReg
 .text.EDMA_TCDSetAttribute
                0x00002bec       0x30 ./SDK/platform/drivers/src/edma/edma_hw_access.o
                0x00002bec                EDMA_TCDSetAttribute
 .text.EDMA_TCDSetNbytes
                0x00002c1c       0x5c ./SDK/platform/drivers/src/edma/edma_hw_access.o
                0x00002c1c                EDMA_TCDSetNbytes
 .text.EDMA_TCDSetMinorLoopOffset
                0x00002c78       0x44 ./SDK/platform/drivers/src/edma/edma_hw_access.o
                0x00002c78                EDMA_TCDSetMinorLoopOffset
 .text.EDMA_TCDSetScatterGatherLink
                0x00002cbc        0xc ./SDK/platform/drivers/src/edma/edma_hw_access.o
                0x00002cbc                EDMA_TCDSetScatterGatherLink
 .text.EDMA_TCDSetChannelMinorLink
                0x00002cc8       0x6a ./SDK/platform/drivers/src/edma/edma_hw_access.o
                0x00002cc8                EDMA_TCDSetChannelMinorLink
 .text.EDMA_TCDSetMajorCount
                0x00002d32       0x5e ./SDK/platform/drivers/src/edma/edma_hw_access.o
                0x00002d32                EDMA_TCDSetMajorCount
 .text.EDMA_TCDGetCurrentMajorCount
                0x00002d90       0x2c ./SDK/platform/drivers/src/edma/edma_hw_access.o
                0x00002d90                EDMA_TCDGetCurrentMajorCount
 .text.DMA0_IRQHandler
                0x00002dbc        0xa ./SDK/platform/drivers/src/edma/edma_irq.o
                0x00002dbc                DMA0_IRQHandler
 .text.DMA1_IRQHandler
                0x00002dc6        0xa ./SDK/platform/drivers/src/edma/edma_irq.o
                0x00002dc6                DMA1_IRQHandler
 .text.DMA2_IRQHandler
                0x00002dd0        0xa ./SDK/platform/drivers/src/edma/edma_irq.o
                0x00002dd0                DMA2_IRQHandler
 .text.DMA3_IRQHandler
                0x00002dda        0xa ./SDK/platform/drivers/src/edma/edma_irq.o
                0x00002dda                DMA3_IRQHandler
 .text.DMA4_IRQHandler
                0x00002de4        0xa ./SDK/platform/drivers/src/edma/edma_irq.o
                0x00002de4                DMA4_IRQHandler
 .text.DMA5_IRQHandler
                0x00002dee        0xa ./SDK/platform/drivers/src/edma/edma_irq.o
                0x00002dee                DMA5_IRQHandler
 .text.DMA6_IRQHandler
                0x00002df8        0xa ./SDK/platform/drivers/src/edma/edma_irq.o
                0x00002df8                DMA6_IRQHandler
 .text.DMA7_IRQHandler
                0x00002e02        0xa ./SDK/platform/drivers/src/edma/edma_irq.o
                0x00002e02                DMA7_IRQHandler
 .text.DMA8_IRQHandler
                0x00002e0c        0xa ./SDK/platform/drivers/src/edma/edma_irq.o
                0x00002e0c                DMA8_IRQHandler
 .text.DMA9_IRQHandler
                0x00002e16        0xa ./SDK/platform/drivers/src/edma/edma_irq.o
                0x00002e16                DMA9_IRQHandler
 .text.DMA10_IRQHandler
                0x00002e20        0xa ./SDK/platform/drivers/src/edma/edma_irq.o
                0x00002e20                DMA10_IRQHandler
 .text.DMA11_IRQHandler
                0x00002e2a        0xa ./SDK/platform/drivers/src/edma/edma_irq.o
                0x00002e2a                DMA11_IRQHandler
 .text.DMA12_IRQHandler
                0x00002e34        0xa ./SDK/platform/drivers/src/edma/edma_irq.o
                0x00002e34                DMA12_IRQHandler
 .text.DMA13_IRQHandler
                0x00002e3e        0xa ./SDK/platform/drivers/src/edma/edma_irq.o
                0x00002e3e                DMA13_IRQHandler
 .text.DMA14_IRQHandler
                0x00002e48        0xa ./SDK/platform/drivers/src/edma/edma_irq.o
                0x00002e48                DMA14_IRQHandler
 .text.DMA15_IRQHandler
                0x00002e52        0xa ./SDK/platform/drivers/src/edma/edma_irq.o
                0x00002e52                DMA15_IRQHandler
 .text.DMA_Error_IRQHandler
                0x00002e5c       0x28 ./SDK/platform/drivers/src/edma/edma_irq.o
                0x00002e5c                DMA_Error_IRQHandler
 .text.FLASH_DRV_Init
                0x00002e84       0xcc ./SDK/platform/drivers/src/flash/flash_driver.o
                0x00002e84                FLASH_DRV_Init
 .text.FLEXCAN_StartSendData
                0x00002f50       0xbc ./SDK/platform/drivers/src/flexcan/flexcan_driver.o
 .text.FLEXCAN_StartRxMessageBufferData
                0x0000300c       0x90 ./SDK/platform/drivers/src/flexcan/flexcan_driver.o
 .text.FLEXCAN_CompleteRxMessageFifoData
                0x0000309c       0xa8 ./SDK/platform/drivers/src/flexcan/flexcan_driver.o
 .text.FLEXCAN_CompleteTransfer
                0x00003144       0x48 ./SDK/platform/drivers/src/flexcan/flexcan_driver.o
 .text.FLEXCAN_DRV_Init
                0x0000318c      0x2cc ./SDK/platform/drivers/src/flexcan/flexcan_driver.o
                0x0000318c                FLEXCAN_DRV_Init
 .text.FLEXCAN_DRV_ConfigTxMb
                0x00003458       0x40 ./SDK/platform/drivers/src/flexcan/flexcan_driver.o
                0x00003458                FLEXCAN_DRV_ConfigTxMb
 .text.FLEXCAN_DRV_SendBlocking
                0x00003498       0xc8 ./SDK/platform/drivers/src/flexcan/flexcan_driver.o
                0x00003498                FLEXCAN_DRV_SendBlocking
 .text.FLEXCAN_DRV_ConfigRxMb
                0x00003560       0x68 ./SDK/platform/drivers/src/flexcan/flexcan_driver.o
                0x00003560                FLEXCAN_DRV_ConfigRxMb
 .text.FLEXCAN_DRV_Receive
                0x000035c8        0xa ./SDK/platform/drivers/src/flexcan/flexcan_driver.o
                0x000035c8                FLEXCAN_DRV_Receive
 *fill*         0x000035d2        0x2 
 .text.FLEXCAN_Error_IRQHandler
                0x000035d4       0x28 ./SDK/platform/drivers/src/flexcan/flexcan_driver.o
                0x000035d4                FLEXCAN_Error_IRQHandler
 .text.FLEXCAN_WakeUpHandler
                0x000035fc       0x6c ./SDK/platform/drivers/src/flexcan/flexcan_driver.o
                0x000035fc                FLEXCAN_WakeUpHandler
 .text.FLEXCAN_IRQHandler
                0x00003668      0x1cc ./SDK/platform/drivers/src/flexcan/flexcan_driver.o
                0x00003668                FLEXCAN_IRQHandler
 .text.FLEXCAN_DRV_InstallEventCallback
                0x00003834       0x14 ./SDK/platform/drivers/src/flexcan/flexcan_driver.o
                0x00003834                FLEXCAN_DRV_InstallEventCallback
 .text.FLEXCAN_ComputePayloadSize
                0x00003848       0x36 ./SDK/platform/drivers/src/flexcan/flexcan_hw_access.o
 *fill*         0x0000387e        0x2 
 .text.FLEXCAN_GetMaxMbNum
                0x00003880       0x2c ./SDK/platform/drivers/src/flexcan/flexcan_hw_access.o
                0x00003880                FLEXCAN_GetMaxMbNum
 .text.FLEXCAN_Enable
                0x000038ac       0x2a ./SDK/platform/drivers/src/flexcan/flexcan_hw_access.o
                0x000038ac                FLEXCAN_Enable
 .text.FLEXCAN_Disable
                0x000038d6       0x18 ./SDK/platform/drivers/src/flexcan/flexcan_hw_access.o
                0x000038d6                FLEXCAN_Disable
 *fill*         0x000038ee        0x2 
 .text.FLEXCAN_Init
                0x000038f0       0x68 ./SDK/platform/drivers/src/flexcan/flexcan_hw_access.o
                0x000038f0                FLEXCAN_Init
 .text.FLEXCAN_EnableRxFifo
                0x00003958       0x54 ./SDK/platform/drivers/src/flexcan/flexcan_hw_access.o
                0x00003958                FLEXCAN_EnableRxFifo
 .text.FLEXCAN_SetMsgBuffIntCmd
                0x000039ac       0x3c ./SDK/platform/drivers/src/flexcan/flexcan_hw_access.o
                0x000039ac                FLEXCAN_SetMsgBuffIntCmd
 .text.FLEXCAN_ExitFreezeMode
                0x000039e8       0x1a ./SDK/platform/drivers/src/flexcan/flexcan_hw_access.o
                0x000039e8                FLEXCAN_ExitFreezeMode
 .text.FLEXCAN_EnterFreezeMode
                0x00003a02       0x40 ./SDK/platform/drivers/src/flexcan/flexcan_hw_access.o
                0x00003a02                FLEXCAN_EnterFreezeMode
 *fill*         0x00003a42        0x2 
 .text.FLEXCAN_ClearErrIntStatusFlag
                0x00003a44       0x14 ./SDK/platform/drivers/src/flexcan/flexcan_hw_access.o
                0x00003a44                FLEXCAN_ClearErrIntStatusFlag
 .text.FLEXCAN_ReadRxFifo
                0x00003a58       0x56 ./SDK/platform/drivers/src/flexcan/flexcan_hw_access.o
                0x00003a58                FLEXCAN_ReadRxFifo
 .text.FLEXCAN_SetOperationMode
                0x00003aae       0x5e ./SDK/platform/drivers/src/flexcan/flexcan_hw_access.o
                0x00003aae                FLEXCAN_SetOperationMode
 .text.FLEXCAN_SetPayloadSize
                0x00003b0c       0x1a ./SDK/platform/drivers/src/flexcan/flexcan_hw_access.o
                0x00003b0c                FLEXCAN_SetPayloadSize
 .text.FLEXCAN_GetPayloadSize
                0x00003b26       0x20 ./SDK/platform/drivers/src/flexcan/flexcan_hw_access.o
                0x00003b26                FLEXCAN_GetPayloadSize
 .text.FLEXCAN_GetMsgBuffRegion
                0x00003b46       0x30 ./SDK/platform/drivers/src/flexcan/flexcan_hw_access.o
                0x00003b46                FLEXCAN_GetMsgBuffRegion
 *fill*         0x00003b76        0x2 
 .text.FLEXCAN_SetTxMsgBuff
                0x00003b78      0x180 ./SDK/platform/drivers/src/flexcan/flexcan_hw_access.o
                0x00003b78                FLEXCAN_SetTxMsgBuff
 .text.FLEXCAN_AbortTxMsgBuff
                0x00003cf8       0x14 ./SDK/platform/drivers/src/flexcan/flexcan_hw_access.o
                0x00003cf8                FLEXCAN_AbortTxMsgBuff
 .text.FLEXCAN_SetRxMsgBuff
                0x00003d0c       0xc8 ./SDK/platform/drivers/src/flexcan/flexcan_hw_access.o
                0x00003d0c                FLEXCAN_SetRxMsgBuff
 .text.FLEXCAN_GetMsgBuff
                0x00003dd4       0x96 ./SDK/platform/drivers/src/flexcan/flexcan_hw_access.o
                0x00003dd4                FLEXCAN_GetMsgBuff
 .text.FLEXCAN_LockRxMsgBuff
                0x00003e6a        0xa ./SDK/platform/drivers/src/flexcan/flexcan_hw_access.o
                0x00003e6a                FLEXCAN_LockRxMsgBuff
 .text.FLEXCAN_SetMaxMsgBuffNum
                0x00003e74       0x9c ./SDK/platform/drivers/src/flexcan/flexcan_hw_access.o
                0x00003e74                FLEXCAN_SetMaxMsgBuffNum
 .text.CAN0_ORed_IRQHandler
                0x00003f10        0xa ./SDK/platform/drivers/src/flexcan/flexcan_irq.o
                0x00003f10                CAN0_ORed_IRQHandler
 .text.CAN0_Error_IRQHandler
                0x00003f1a        0xa ./SDK/platform/drivers/src/flexcan/flexcan_irq.o
                0x00003f1a                CAN0_Error_IRQHandler
 .text.CAN0_Wake_Up_IRQHandler
                0x00003f24        0xa ./SDK/platform/drivers/src/flexcan/flexcan_irq.o
                0x00003f24                CAN0_Wake_Up_IRQHandler
 .text.CAN0_ORed_0_15_MB_IRQHandler
                0x00003f2e        0xa ./SDK/platform/drivers/src/flexcan/flexcan_irq.o
                0x00003f2e                CAN0_ORed_0_15_MB_IRQHandler
 .text.CAN0_ORed_16_31_MB_IRQHandler
                0x00003f38        0xa ./SDK/platform/drivers/src/flexcan/flexcan_irq.o
                0x00003f38                CAN0_ORed_16_31_MB_IRQHandler
 .text.CAN1_ORed_IRQHandler
                0x00003f42        0xa ./SDK/platform/drivers/src/flexcan/flexcan_irq.o
                0x00003f42                CAN1_ORed_IRQHandler
 .text.CAN1_Error_IRQHandler
                0x00003f4c        0xa ./SDK/platform/drivers/src/flexcan/flexcan_irq.o
                0x00003f4c                CAN1_Error_IRQHandler
 .text.CAN1_ORed_0_15_MB_IRQHandler
                0x00003f56        0xa ./SDK/platform/drivers/src/flexcan/flexcan_irq.o
                0x00003f56                CAN1_ORed_0_15_MB_IRQHandler
 .text.CAN2_ORed_IRQHandler
                0x00003f60        0xa ./SDK/platform/drivers/src/flexcan/flexcan_irq.o
                0x00003f60                CAN2_ORed_IRQHandler
 .text.CAN2_Error_IRQHandler
                0x00003f6a        0xa ./SDK/platform/drivers/src/flexcan/flexcan_irq.o
                0x00003f6a                CAN2_Error_IRQHandler
 .text.CAN2_ORed_0_15_MB_IRQHandler
                0x00003f74        0xa ./SDK/platform/drivers/src/flexcan/flexcan_irq.o
                0x00003f74                CAN2_ORed_0_15_MB_IRQHandler
 *fill*         0x00003f7e        0x2 
 .text.FLEXIO_IRQHandler
                0x00003f80       0x58 ./SDK/platform/drivers/src/flexio/flexio_common.o
                0x00003f80                FLEXIO_IRQHandler
 .text.FLEXIO_I2C_DRV_MasterStopTransfer
                0x00003fd8      0x118 ./SDK/platform/drivers/src/flexio/flexio_i2c_driver.o
 .text.FLEXIO_I2C_DRV_MasterCheckStatus
                0x000040f0      0x16c ./SDK/platform/drivers/src/flexio/flexio_i2c_driver.o
 .text.FLEXIO_I2C_DRV_MasterStartTransfer
                0x0000425c      0x3f8 ./SDK/platform/drivers/src/flexio/flexio_i2c_driver.o
 .text.FLEXIO_I2C_DRV_MasterSetSlaveAddr
                0x00004654       0x10 ./SDK/platform/drivers/src/flexio/flexio_i2c_driver.o
                0x00004654                FLEXIO_I2C_DRV_MasterSetSlaveAddr
 .text.FLEXIO_I2C_DRV_MasterGetStatus
                0x00004664       0x40 ./SDK/platform/drivers/src/flexio/flexio_i2c_driver.o
                0x00004664                FLEXIO_I2C_DRV_MasterGetStatus
 .text.FLEXIO_I2C_DRV_MasterWaitTransferEnd
                0x000046a4       0x54 ./SDK/platform/drivers/src/flexio/flexio_i2c_driver.o
 .text.FLEXIO_I2C_DRV_MasterSendDataBlocking
                0x000046f8       0x52 ./SDK/platform/drivers/src/flexio/flexio_i2c_driver.o
                0x000046f8                FLEXIO_I2C_DRV_MasterSendDataBlocking
 *fill*         0x0000474a        0x2 
 .text.INT_SYS_InstallHandler
                0x0000474c       0x30 ./SDK/platform/drivers/src/interrupt/interrupt_manager.o
                0x0000474c                INT_SYS_InstallHandler
 .text.INT_SYS_EnableIRQ
                0x0000477c       0x18 ./SDK/platform/drivers/src/interrupt/interrupt_manager.o
                0x0000477c                INT_SYS_EnableIRQ
 .text.INT_SYS_DisableIRQ
                0x00004794       0x1c ./SDK/platform/drivers/src/interrupt/interrupt_manager.o
                0x00004794                INT_SYS_DisableIRQ
 .text.INT_SYS_SetPriority
                0x000047b0       0x58 ./SDK/platform/drivers/src/interrupt/interrupt_manager.o
                0x000047b0                INT_SYS_SetPriority
 .text.LPI2C_DRV_MasterQueueData
                0x00004808       0x4c ./SDK/platform/drivers/src/lpi2c/lpi2c_driver.o
 .text.LPI2C_DRV_SlaveEndTransfer
                0x00004854       0x50 ./SDK/platform/drivers/src/lpi2c/lpi2c_driver.o
 .text.LPI2C_DRV_MasterEndTransfer
                0x000048a4       0x68 ./SDK/platform/drivers/src/lpi2c/lpi2c_driver.o
 .text.LPI2C_DRV_SlaveEndTransferHandler
                0x0000490c       0x40 ./SDK/platform/drivers/src/lpi2c/lpi2c_driver.o
 .text.LPI2C_DRV_ConfigureDmaTransfer
                0x0000494c       0x60 ./SDK/platform/drivers/src/lpi2c/lpi2c_driver.o
 .text.LPI2C_DRV_SlaveStartDmaTransfer
                0x000049ac       0xa0 ./SDK/platform/drivers/src/lpi2c/lpi2c_driver.o
 .text.LPI2C_DRV_MasterSetBaudRate
                0x00004a4c      0x138 ./SDK/platform/drivers/src/lpi2c/lpi2c_driver.o
                0x00004a4c                LPI2C_DRV_MasterSetBaudRate
 .text.LPI2C_DRV_MasterReinit
                0x00004b84       0x60 ./SDK/platform/drivers/src/lpi2c/lpi2c_driver.o
 .text.LPI2C_DRV_MasterIRQHandler
                0x00004be4      0x254 ./SDK/platform/drivers/src/lpi2c/lpi2c_driver.o
                0x00004be4                LPI2C_DRV_MasterIRQHandler
 .text.LPI2C_DRV_SlaveIRQHandler
                0x00004e38      0x1dc ./SDK/platform/drivers/src/lpi2c/lpi2c_driver.o
                0x00004e38                LPI2C_DRV_SlaveIRQHandler
 .text.LPI2C_Init
                0x00005014       0x1e ./SDK/platform/drivers/src/lpi2c/lpi2c_hw_access.o
                0x00005014                LPI2C_Init
 .text.LPI2C0_Master_IRQHandler
                0x00005032        0xa ./SDK/platform/drivers/src/lpi2c/lpi2c_irq.o
                0x00005032                LPI2C0_Master_IRQHandler
 .text.LPI2C0_Slave_IRQHandler
                0x0000503c        0xa ./SDK/platform/drivers/src/lpi2c/lpi2c_irq.o
                0x0000503c                LPI2C0_Slave_IRQHandler
 *fill*         0x00005046        0x2 
 .text.LPIT_DRV_GetDefaultChanConfig
                0x00005048       0x20 ./SDK/platform/drivers/src/lpit/lpit_driver.o
                0x00005048                LPIT_DRV_GetDefaultChanConfig
 .text.LPIT_DRV_Init
                0x00005068       0xac ./SDK/platform/drivers/src/lpit/lpit_driver.o
                0x00005068                LPIT_DRV_Init
 .text.LPIT_DRV_StartTimerChannels
                0x00005114       0x10 ./SDK/platform/drivers/src/lpit/lpit_driver.o
                0x00005114                LPIT_DRV_StartTimerChannels
 .text.LPIT_DRV_StopTimerChannels
                0x00005124       0x10 ./SDK/platform/drivers/src/lpit/lpit_driver.o
                0x00005124                LPIT_DRV_StopTimerChannels
 .text.LPIT_DRV_SetTimerPeriodByUs
                0x00005134       0xac ./SDK/platform/drivers/src/lpit/lpit_driver.o
                0x00005134                LPIT_DRV_SetTimerPeriodByUs
 .text.LPIT_DRV_InitChannel
                0x000051e0      0x188 ./SDK/platform/drivers/src/lpit/lpit_driver.o
                0x000051e0                LPIT_DRV_InitChannel
 .text.LPIT_DRV_GetInterruptFlagTimerChannels
                0x00005368        0xc ./SDK/platform/drivers/src/lpit/lpit_driver.o
                0x00005368                LPIT_DRV_GetInterruptFlagTimerChannels
 .text.LPIT_DRV_ClearInterruptFlagTimerChannels
                0x00005374        0xc ./SDK/platform/drivers/src/lpit/lpit_driver.o
                0x00005374                LPIT_DRV_ClearInterruptFlagTimerChannels
 .text.PDB_DRV_SoftTriggerCmd
                0x00005380       0x14 ./SDK/platform/drivers/src/pdb/pdb_driver.o
                0x00005380                PDB_DRV_SoftTriggerCmd
 .text.PINS_DRV_Init
                0x00005394       0x20 ./SDK/platform/drivers/src/pins/pins_driver.o
                0x00005394                PINS_DRV_Init
 .text.PINS_DRV_SetPullSel
                0x000053b4       0x3a ./SDK/platform/drivers/src/pins/pins_driver.o
                0x000053b4                PINS_DRV_SetPullSel
 .text.PINS_DRV_SetMuxModeSel
                0x000053ee        0x8 ./SDK/platform/drivers/src/pins/pins_driver.o
                0x000053ee                PINS_DRV_SetMuxModeSel
 .text.PINS_DRV_SetPinIntSel
                0x000053f6       0x16 ./SDK/platform/drivers/src/pins/pins_driver.o
                0x000053f6                PINS_DRV_SetPinIntSel
 .text.PINS_DRV_ClearPinIntFlagCmd
                0x0000540c        0xe ./SDK/platform/drivers/src/pins/pins_driver.o
                0x0000540c                PINS_DRV_ClearPinIntFlagCmd
 .text.PINS_DRV_SetPinDirection
                0x0000541a       0x18 ./SDK/platform/drivers/src/pins/pins_driver.o
                0x0000541a                PINS_DRV_SetPinDirection
 *fill*         0x00005432        0x2 
 .text.PINS_GetAdcInterleaveVal
                0x00005434       0x70 ./SDK/platform/drivers/src/pins/pins_port_hw_access.o
 .text.PINS_Init
                0x000054a4      0x114 ./SDK/platform/drivers/src/pins/pins_port_hw_access.o
                0x000054a4                PINS_Init
 .text.PINS_SetMuxModeSel
                0x000055b8       0x50 ./SDK/platform/drivers/src/pins/pins_port_hw_access.o
                0x000055b8                PINS_SetMuxModeSel
 .text.ADC0_IRQHandler
                0x00005608        0xa ./SDK/platform/pal/src/adc/adc_irq.o
                0x00005608                ADC0_IRQHandler
 .text.ADC1_IRQHandler
                0x00005612        0xa ./SDK/platform/pal/src/adc/adc_irq.o
                0x00005612                ADC1_IRQHandler
 .text.ADC_S32K1xx_IrqHandler
                0x0000561c       0xd0 ./SDK/platform/pal/src/adc/adc_pal.o
                0x0000561c                ADC_S32K1xx_IrqHandler
 .text.vListInitialise
                0x000056ec       0x16 ./SDK/rtos/FreeRTOS_S32K/Source/list.o
                0x000056ec                vListInitialise
 .text.vListInitialiseItem
                0x00005702        0x6 ./SDK/rtos/FreeRTOS_S32K/Source/list.o
                0x00005702                vListInitialiseItem
 .text.vListInsertEnd
                0x00005708       0x18 ./SDK/rtos/FreeRTOS_S32K/Source/list.o
                0x00005708                vListInsertEnd
 .text.vListInsert
                0x00005720       0x34 ./SDK/rtos/FreeRTOS_S32K/Source/list.o
                0x00005720                vListInsert
 .text.uxListRemove
                0x00005754       0x26 ./SDK/rtos/FreeRTOS_S32K/Source/list.o
                0x00005754                uxListRemove
 .text.prvIsQueueEmpty
                0x0000577a       0x16 ./SDK/rtos/FreeRTOS_S32K/Source/queue.o
 .text.prvCopyDataToQueue
                0x00005790       0x76 ./SDK/rtos/FreeRTOS_S32K/Source/queue.o
 .text.prvNotifyQueueSetContainer
                0x00005806       0x7c ./SDK/rtos/FreeRTOS_S32K/Source/queue.o
 .text.prvCopyDataFromQueue
                0x00005882       0x24 ./SDK/rtos/FreeRTOS_S32K/Source/queue.o
 .text.prvUnlockQueue
                0x000058a6       0x94 ./SDK/rtos/FreeRTOS_S32K/Source/queue.o
 *fill*         0x0000593a        0x2 
 .text.xQueueGenericReset
                0x0000593c       0x80 ./SDK/rtos/FreeRTOS_S32K/Source/queue.o
                0x0000593c                xQueueGenericReset
 .text.xQueueGenericCreateStatic
                0x000059bc       0xa2 ./SDK/rtos/FreeRTOS_S32K/Source/queue.o
                0x000059bc                xQueueGenericCreateStatic
 .text.xQueueCreateCountingSemaphoreStatic
                0x00005a5e       0x4a ./SDK/rtos/FreeRTOS_S32K/Source/queue.o
                0x00005a5e                xQueueCreateCountingSemaphoreStatic
 .text.xQueueGenericSend
                0x00005aa8      0x1ac ./SDK/rtos/FreeRTOS_S32K/Source/queue.o
                0x00005aa8                xQueueGenericSend
 .text.xQueueCreateMutexStatic
                0x00005c54       0x2c ./SDK/rtos/FreeRTOS_S32K/Source/queue.o
                0x00005c54                xQueueCreateMutexStatic
 .text.xQueueGenericSendFromISR
                0x00005c80       0xf8 ./SDK/rtos/FreeRTOS_S32K/Source/queue.o
                0x00005c80                xQueueGenericSendFromISR
 .text.xQueueGiveFromISR
                0x00005d78       0xd0 ./SDK/rtos/FreeRTOS_S32K/Source/queue.o
                0x00005d78                xQueueGiveFromISR
 .text.xQueueReceive
                0x00005e48      0x158 ./SDK/rtos/FreeRTOS_S32K/Source/queue.o
                0x00005e48                xQueueReceive
 .text.xQueueSemaphoreTake
                0x00005fa0      0x1a8 ./SDK/rtos/FreeRTOS_S32K/Source/queue.o
                0x00005fa0                xQueueSemaphoreTake
 .text.vQueueAddToRegistry
                0x00006148       0x34 ./SDK/rtos/FreeRTOS_S32K/Source/queue.o
                0x00006148                vQueueAddToRegistry
 .text.vQueueUnregisterQueue
                0x0000617c       0x34 ./SDK/rtos/FreeRTOS_S32K/Source/queue.o
                0x0000617c                vQueueUnregisterQueue
 .text.vQueueDelete
                0x000061b0       0x1c ./SDK/rtos/FreeRTOS_S32K/Source/queue.o
                0x000061b0                vQueueDelete
 .text.vQueueWaitForMessageRestricted
                0x000061cc       0x4e ./SDK/rtos/FreeRTOS_S32K/Source/queue.o
                0x000061cc                vQueueWaitForMessageRestricted
 *fill*         0x0000621a        0x2 
 .text.prvTaskIsTaskSuspended
                0x0000621c       0x3c ./SDK/rtos/FreeRTOS_S32K/Source/tasks.o
 .text.prvResetNextTaskUnblockTime
                0x00006258       0x2c ./SDK/rtos/FreeRTOS_S32K/Source/tasks.o
 .text.prvAddCurrentTaskToDelayedList
                0x00006284       0x98 ./SDK/rtos/FreeRTOS_S32K/Source/tasks.o
 .text.prvIdleTask
                0x0000631c       0x64 ./SDK/rtos/FreeRTOS_S32K/Source/tasks.o
 .text.xTaskCreateStatic
                0x00006380      0x1f0 ./SDK/rtos/FreeRTOS_S32K/Source/tasks.o
                0x00006380                xTaskCreateStatic
 .text.vTaskResume
                0x00006570       0x88 ./SDK/rtos/FreeRTOS_S32K/Source/tasks.o
                0x00006570                vTaskResume
 .text.vTaskStartScheduler
                0x000065f8       0x8c ./SDK/rtos/FreeRTOS_S32K/Source/tasks.o
                0x000065f8                vTaskStartScheduler
 .text.vTaskSuspendAll
                0x00006684       0x10 ./SDK/rtos/FreeRTOS_S32K/Source/tasks.o
                0x00006684                vTaskSuspendAll
 .text.xTaskGetTickCount
                0x00006694        0xc ./SDK/rtos/FreeRTOS_S32K/Source/tasks.o
                0x00006694                xTaskGetTickCount
 .text.xTaskIncrementTick
                0x000066a0      0x128 ./SDK/rtos/FreeRTOS_S32K/Source/tasks.o
                0x000066a0                xTaskIncrementTick
 .text.xTaskResumeAll
                0x000067c8      0x100 ./SDK/rtos/FreeRTOS_S32K/Source/tasks.o
                0x000067c8                xTaskResumeAll
 .text.vTaskDelayUntil
                0x000068c8       0xa0 ./SDK/rtos/FreeRTOS_S32K/Source/tasks.o
                0x000068c8                vTaskDelayUntil
 .text.vTaskDelay
                0x00006968       0x4c ./SDK/rtos/FreeRTOS_S32K/Source/tasks.o
                0x00006968                vTaskDelay
 .text.vTaskSwitchContext
                0x000069b4       0xc4 ./SDK/rtos/FreeRTOS_S32K/Source/tasks.o
                0x000069b4                vTaskSwitchContext
 .text.vTaskSuspend
                0x00006a78       0xe8 ./SDK/rtos/FreeRTOS_S32K/Source/tasks.o
                0x00006a78                vTaskSuspend
 .text.vTaskPlaceOnEventList
                0x00006b60       0x30 ./SDK/rtos/FreeRTOS_S32K/Source/tasks.o
                0x00006b60                vTaskPlaceOnEventList
 .text.vTaskPlaceOnEventListRestricted
                0x00006b90       0x3c ./SDK/rtos/FreeRTOS_S32K/Source/tasks.o
                0x00006b90                vTaskPlaceOnEventListRestricted
 .text.xTaskRemoveFromEventList
                0x00006bcc       0x88 ./SDK/rtos/FreeRTOS_S32K/Source/tasks.o
                0x00006bcc                xTaskRemoveFromEventList
 .text.vTaskInternalSetTimeOutState
                0x00006c54       0x18 ./SDK/rtos/FreeRTOS_S32K/Source/tasks.o
                0x00006c54                vTaskInternalSetTimeOutState
 .text.xTaskCheckForTimeOut
                0x00006c6c       0x80 ./SDK/rtos/FreeRTOS_S32K/Source/tasks.o
                0x00006c6c                xTaskCheckForTimeOut
 .text.vTaskMissedYield
                0x00006cec        0xc ./SDK/rtos/FreeRTOS_S32K/Source/tasks.o
                0x00006cec                vTaskMissedYield
 .text.uxTaskGetStackHighWaterMark
                0x00006cf8       0x2c ./SDK/rtos/FreeRTOS_S32K/Source/tasks.o
                0x00006cf8                uxTaskGetStackHighWaterMark
 .text.xTaskGetSchedulerState
                0x00006d24       0x20 ./SDK/rtos/FreeRTOS_S32K/Source/tasks.o
                0x00006d24                xTaskGetSchedulerState
 .text.xTaskPriorityInherit
                0x00006d44       0xb8 ./SDK/rtos/FreeRTOS_S32K/Source/tasks.o
                0x00006d44                xTaskPriorityInherit
 .text.xTaskPriorityDisinherit
                0x00006dfc       0xb0 ./SDK/rtos/FreeRTOS_S32K/Source/tasks.o
                0x00006dfc                xTaskPriorityDisinherit
 .text.vTaskPriorityDisinheritAfterTimeout
                0x00006eac       0xc0 ./SDK/rtos/FreeRTOS_S32K/Source/tasks.o
                0x00006eac                vTaskPriorityDisinheritAfterTimeout
 .text.pvTaskIncrementMutexHeldCount
                0x00006f6c       0x1c ./SDK/rtos/FreeRTOS_S32K/Source/tasks.o
                0x00006f6c                pvTaskIncrementMutexHeldCount
 .text.prvInsertTimerInActiveList
                0x00006f88       0x48 ./SDK/rtos/FreeRTOS_S32K/Source/timers.o
 .text.prvCheckForValidListAndQueue
                0x00006fd0       0x70 ./SDK/rtos/FreeRTOS_S32K/Source/timers.o
 .text.xTimerCreateTimerTask
                0x00007040       0x64 ./SDK/rtos/FreeRTOS_S32K/Source/timers.o
                0x00007040                xTimerCreateTimerTask
 .text.xTimerGenericCommand
                0x000070a4       0x60 ./SDK/rtos/FreeRTOS_S32K/Source/timers.o
                0x000070a4                xTimerGenericCommand
 .text.prvSampleTimeNow
                0x00007104       0xa8 ./SDK/rtos/FreeRTOS_S32K/Source/timers.o
 .text.prvTimerTask
                0x000071ac      0x1b0 ./SDK/rtos/FreeRTOS_S32K/Source/timers.o
 .text.prvTaskExitError
                0x0000735c       0x40 ./SDK/rtos/FreeRTOS_S32K/Source/portable/GCC/ARM_CM4F/port.o
 .text.prvPortStartFirstTask
                0x0000739c       0x28 ./SDK/rtos/FreeRTOS_S32K/Source/portable/GCC/ARM_CM4F/port.o
 .text.vPortEnableVFP
                0x000073c4       0x14 ./SDK/rtos/FreeRTOS_S32K/Source/portable/GCC/ARM_CM4F/port.o
 .text.pxPortInitialiseStack
                0x000073d8       0x2c ./SDK/rtos/FreeRTOS_S32K/Source/portable/GCC/ARM_CM4F/port.o
                0x000073d8                pxPortInitialiseStack
 *fill*         0x00007404        0xc 
 .text.SVC_Handler
                0x00007410       0x24 ./SDK/rtos/FreeRTOS_S32K/Source/portable/GCC/ARM_CM4F/port.o
                0x00007410                SVC_Handler
 .text.vPortEnterCritical
                0x00007434       0x44 ./SDK/rtos/FreeRTOS_S32K/Source/portable/GCC/ARM_CM4F/port.o
                0x00007434                vPortEnterCritical
 .text.vPortExitCritical
                0x00007478       0x2c ./SDK/rtos/FreeRTOS_S32K/Source/portable/GCC/ARM_CM4F/port.o
                0x00007478                vPortExitCritical
 *fill*         0x000074a4        0xc 
 .text.PendSV_Handler
                0x000074b0       0x64 ./SDK/rtos/FreeRTOS_S32K/Source/portable/GCC/ARM_CM4F/port.o
                0x000074b0                PendSV_Handler
 .text.SysTick_Handler
                0x00007514       0x2c ./SDK/rtos/FreeRTOS_S32K/Source/portable/GCC/ARM_CM4F/port.o
                0x00007514                SysTick_Handler
 .text.vPortSetupTimerInterrupt
                0x00007540       0x24 ./SDK/rtos/FreeRTOS_S32K/Source/portable/GCC/ARM_CM4F/port.o
                0x00007540                vPortSetupTimerInterrupt
 .text.xPortStartScheduler
                0x00007564      0x118 ./SDK/rtos/FreeRTOS_S32K/Source/portable/GCC/ARM_CM4F/port.o
                0x00007564                xPortStartScheduler
 .text.vPortValidateInterruptPriority
                0x0000767c       0x5c ./SDK/rtos/FreeRTOS_S32K/Source/portable/GCC/ARM_CM4F/port.o
                0x0000767c                vPortValidateInterruptPriority
 .text.OSIF_SemaWait
                0x000076d8       0x34 ./SDK/rtos/osif/osif_freertos.o
                0x000076d8                OSIF_SemaWait
 .text.OSIF_SemaPost
                0x0000770c       0x58 ./SDK/rtos/osif/osif_freertos.o
                0x0000770c                OSIF_SemaPost
 .text.OSIF_SemaCreate
                0x00007764       0x16 ./SDK/rtos/osif/osif_freertos.o
                0x00007764                OSIF_SemaCreate
 .text.OSIF_SemaDestroy
                0x0000777a        0xc ./SDK/rtos/osif/osif_freertos.o
                0x0000777a                OSIF_SemaDestroy
 *fill*         0x00007786        0x2 
 .text.APP_Timer0Ch1_Callback
                0x00007788       0x10 ./Sources/bms_application/application/app_timer.o
                0x00007788                APP_Timer0Ch1_Callback
 .text.APP_Timer0Ch2_Callback
                0x00007798       0xb4 ./Sources/bms_application/application/app_timer.o
                0x00007798                APP_Timer0Ch2_Callback
 .text.APP_SetFlag_gv
                0x0000784c       0x10 ./Sources/bms_application/application/app_timer.o
                0x0000784c                APP_SetFlag_gv
 .text.APP_GetFlag_gv
                0x0000785c       0x10 ./Sources/bms_application/application/app_timer.o
                0x0000785c                APP_GetFlag_gv
 .text.APP_ResetFlag_gv
                0x0000786c       0x10 ./Sources/bms_application/application/app_timer.o
                0x0000786c                APP_ResetFlag_gv
 .text.Common_Memcpy_gv
                0x0000787c       0x22 ./Sources/bms_application/application/common.o
                0x0000787c                Common_Memcpy_gv
 .text.Common_Memset_gv
                0x0000789e       0x1c ./Sources/bms_application/application/common.o
                0x0000789e                Common_Memset_gv
 *fill*         0x000078ba        0x2 
 .text.CAN_Callback
                0x000078bc       0x78 ./Sources/bms_application/bussines_logic/can_comm.o
                0x000078bc                CAN_Callback
 .text.CAN_Proccess_Vehicle_Messages
                0x00007934        0x2 ./Sources/bms_application/bussines_logic/can_comm.o
                0x00007934                CAN_Proccess_Vehicle_Messages
 *fill*         0x00007936        0x2 
 .text.CAN_Proccess_Debug_Messages
                0x00007938       0x4c ./Sources/bms_application/bussines_logic/can_comm.o
                0x00007938                CAN_Proccess_Debug_Messages
 .text.CAN_Proccess_UDS_Messages
                0x00007984        0x2 ./Sources/bms_application/bussines_logic/can_comm.o
                0x00007984                CAN_Proccess_UDS_Messages
 *fill*         0x00007986        0x2 
 .text.CAN_SetMode
                0x00007988        0xc ./Sources/bms_application/bussines_logic/can_comm.o
                0x00007988                CAN_SetMode
 .text.CAN_Massages_Tranmission
                0x00007994      0x248 ./Sources/bms_application/bussines_logic/can_debug.o
                0x00007994                CAN_Massages_Tranmission
 .text.APP_GetFaultStatus_gst
                0x00007bdc       0x34 ./Sources/bms_application/protection/bms_protection.o
                0x00007bdc                APP_GetFaultStatus_gst
 .text.APP_SetFaultStatus_gv
                0x00007c10       0x28 ./Sources/bms_application/protection/bms_protection.o
                0x00007c10                APP_SetFaultStatus_gv
 .text.APP_ResetFaultStatus_gv
                0x00007c38       0x40 ./Sources/bms_application/protection/bms_protection.o
                0x00007c38                APP_ResetFaultStatus_gv
 .text.APP_SecondaryThresholdCheck_gv
                0x00007c78      0x160 ./Sources/bms_application/protection/bms_protection.o
                0x00007c78                APP_SecondaryThresholdCheck_gv
 .text.APP_PrimaryThresholdCheck_gv
                0x00007dd8      0x12c ./Sources/bms_application/protection/bms_protection.o
                0x00007dd8                APP_PrimaryThresholdCheck_gv
 .text.APP_SecondarySafetyCheck_Func_gv
                0x00007f04       0x16 ./Sources/bms_application/protection/bms_protection.o
                0x00007f04                APP_SecondarySafetyCheck_Func_gv
 .text.APP_PrimarySafetyCheck_Func_gv
                0x00007f1a       0x16 ./Sources/bms_application/protection/bms_protection.o
                0x00007f1a                APP_PrimarySafetyCheck_Func_gv
 .text.APP_GetRecoverableFaults_gen
                0x00007f30       0xac ./Sources/bms_application/protection/bms_protection.o
                0x00007f30                APP_GetRecoverableFaults_gen
 .text.APP_GetNonRecoverableFaults_gen
                0x00007fdc       0xb2 ./Sources/bms_application/protection/bms_protection.o
                0x00007fdc                APP_GetNonRecoverableFaults_gen
 .text.RTOS_DataProcessingThread_entry
                0x0000808e       0x2c ./Sources/bms_application/rtos_task/data_proccessing.o
                0x0000808e                RTOS_DataProcessingThread_entry
 *fill*         0x000080ba        0x2 
 .text.RTOS_QueueReceiveThread_entry
                0x000080bc       0x40 ./Sources/bms_application/rtos_task/queue_handling.o
                0x000080bc                RTOS_QueueReceiveThread_entry
 .text.RTOS_SoCEstimationThread_entry
                0x000080fc       0x30 ./Sources/bms_application/rtos_task/soc_estimation.o
                0x000080fc                RTOS_SoCEstimationThread_entry
 .text.RTOS_BMS_StateProccessingThread_entry
                0x0000812c       0xb8 ./Sources/bms_application/rtos_task/state_proccessing.o
                0x0000812c                RTOS_BMS_StateProccessingThread_entry
 .text.VPUSH_CreateAllTasks_st
                0x000081e4       0x1c ./Sources/bms_application/rtos_task/vpush_rtos.o
                0x000081e4                VPUSH_CreateAllTasks_st
 .text.VPUSH_CreateAllQueues_st
                0x00008200       0x18 ./Sources/bms_application/rtos_task/vpush_rtos.o
                0x00008200                VPUSH_CreateAllQueues_st
 .text.VPUSH_CreateAllSemaphores_st
                0x00008218       0x18 ./Sources/bms_application/rtos_task/vpush_rtos.o
                0x00008218                VPUSH_CreateAllSemaphores_st
 .text.VPUSH_CreateAllObjects_st
                0x00008230       0x20 ./Sources/bms_application/rtos_task/vpush_rtos.o
                0x00008230                VPUSH_CreateAllObjects_st
 .text.VPUSH_RTOS_Init_gv
                0x00008250        0xc ./Sources/bms_application/rtos_task/vpush_rtos.o
                0x00008250                VPUSH_RTOS_Init_gv
 .text.RTOS_WDGThread_entry
                0x0000825c       0x58 ./Sources/bms_application/rtos_task/wdg_task.o
                0x0000825c                RTOS_WDGThread_entry
 .text.HSM_Sleep_men
                0x000082b4       0x1c ./Sources/bms_application/state_machine/hsm.o
 .text.HSM_SleepNormal_men
                0x000082d0       0x20 ./Sources/bms_application/state_machine/hsm.o
 .text.HSM_SleepDeep_men
                0x000082f0        0x8 ./Sources/bms_application/state_machine/hsm.o
 .text.HSM_SleepShutdown_men
                0x000082f8        0x8 ./Sources/bms_application/state_machine/hsm.o
 .text.HSM_TopInitial_men
                0x00008300       0x38 ./Sources/bms_application/state_machine/hsm.o
 .text.HSM_Error_men
                0x00008338       0xb8 ./Sources/bms_application/state_machine/hsm.o
 .text.HSM_ErrNonRec_men
                0x000083f0        0x8 ./Sources/bms_application/state_machine/hsm.o
 .text.HSM_ErrRec_men
                0x000083f8       0x34 ./Sources/bms_application/state_machine/hsm.o
 .text.HSM_Charging_men
                0x0000842c       0xcc ./Sources/bms_application/state_machine/hsm.o
 .text.HSM_ChgNo_men
                0x000084f8       0xa0 ./Sources/bms_application/state_machine/hsm.o
 .text.HSM_ChgLimp_men
                0x00008598       0x84 ./Sources/bms_application/state_machine/hsm.o
 *fill*         0x0000861c        0x4 
 .text.HSM_ChgPre_men
                0x00008620       0xb0 ./Sources/bms_application/state_machine/hsm.o
 .text.HSM_Discharging_men
                0x000086d0       0xc8 ./Sources/bms_application/state_machine/hsm.o
 .text.HSM_DisNo_men
                0x00008798       0xa0 ./Sources/bms_application/state_machine/hsm.o
 .text.HSM_DisLimp_men
                0x00008838       0x84 ./Sources/bms_application/state_machine/hsm.o
 *fill*         0x000088bc        0x4 
 .text.HSM_DisPre_men
                0x000088c0       0xa8 ./Sources/bms_application/state_machine/hsm.o
 .text.HSM_Idle_men
                0x00008968       0xe4 ./Sources/bms_application/state_machine/hsm.o
 *fill*         0x00008a4c        0x4 
 .text.HSM_ChgNormal_men
                0x00008a50       0xd8 ./Sources/bms_application/state_machine/hsm.o
 .text.HSM_DisNormal_men
                0x00008b28       0x88 ./Sources/bms_application/state_machine/hsm.o
 .text.HSM_Init_gen
                0x00008bb0       0x14 ./Sources/bms_application/state_machine/hsm.o
                0x00008bb0                HSM_Init_gen
 .text.HSM_Process_gen
                0x00008bc4       0x20 ./Sources/bms_application/state_machine/hsm.o
                0x00008bc4                HSM_Process_gen
 .text.HSM_GetCurrentState_gen
                0x00008be4        0xc ./Sources/bms_application/state_machine/hsm.o
                0x00008be4                HSM_GetCurrentState_gen
 .text.BSP_Init
                0x00008bf0       0x3c ./Sources/ecu_config/bsp_config.o
                0x00008bf0                BSP_Init
 .text.BSP_TimerDelay
                0x00008c2c        0xe ./Sources/ecu_config/bsp_config.o
                0x00008c2c                BSP_TimerDelay
 *fill*         0x00008c3a        0x2 
 .text.BSP_DRV_Config_gv
                0x00008c3c       0x84 ./Sources/ecu_config/bsp_config.o
                0x00008c3c                BSP_DRV_Config_gv
 .text.AFE_WriteReg_gen
                0x00008cc0       0x16 ./Sources/ecu_config/ecu_drivers/afe_drivers/afe_config.o
                0x00008cc0                AFE_WriteReg_gen
 .text.AFE_Checksum_gu8
                0x00008cd6       0x20 ./Sources/ecu_config/ecu_drivers/afe_drivers/afe_config.o
                0x00008cd6                AFE_Checksum_gu8
 .text.AFE_SubCommand_WriteOperation_gv
                0x00008cf6       0x94 ./Sources/ecu_config/ecu_drivers/afe_drivers/afe_config.o
                0x00008cf6                AFE_SubCommand_WriteOperation_gv
 .text.AFE_Direct_WriteOperation_gv
                0x00008d8a       0x3e ./Sources/ecu_config/ecu_drivers/afe_drivers/afe_data_proccesing.o
                0x00008d8a                AFE_Direct_WriteOperation_gv
 .text.AFE_FetControl_gv
                0x00008dc8       0xdc ./Sources/ecu_config/ecu_drivers/afe_drivers/afe_data_proccesing.o
                0x00008dc8                AFE_FetControl_gv
 .text.RTOS_TaskCreateStatic_st
                0x00008ea4       0x6c ./Sources/ecu_config/rtos_abstraction/rtos_abstraction.o
                0x00008ea4                RTOS_TaskCreateStatic_st
 .text.RTOS_TaskSuspend_st
                0x00008f10       0x24 ./Sources/ecu_config/rtos_abstraction/rtos_abstraction.o
                0x00008f10                RTOS_TaskSuspend_st
 .text.RTOS_TaskResume_st
                0x00008f34       0x24 ./Sources/ecu_config/rtos_abstraction/rtos_abstraction.o
                0x00008f34                RTOS_TaskResume_st
 .text.RTOS_TaskGetStackHighWaterMark_st
                0x00008f58       0x20 ./Sources/ecu_config/rtos_abstraction/rtos_abstraction.o
                0x00008f58                RTOS_TaskGetStackHighWaterMark_st
 .text.RTOS_QueueCreateStatic_st
                0x00008f78       0x5c ./Sources/ecu_config/rtos_abstraction/rtos_abstraction.o
                0x00008f78                RTOS_QueueCreateStatic_st
 .text.RTOS_QueueSend_st
                0x00008fd4       0x38 ./Sources/ecu_config/rtos_abstraction/rtos_abstraction.o
                0x00008fd4                RTOS_QueueSend_st
 .text.RTOS_QueueSendFromISR_st
                0x0000900c       0x54 ./Sources/ecu_config/rtos_abstraction/rtos_abstraction.o
                0x0000900c                RTOS_QueueSendFromISR_st
 .text.RTOS_QueueReceive_st
                0x00009060       0x30 ./Sources/ecu_config/rtos_abstraction/rtos_abstraction.o
                0x00009060                RTOS_QueueReceive_st
 .text.RTOS_BinarySemaphoreCreateStatic_st
                0x00009090       0x3c ./Sources/ecu_config/rtos_abstraction/rtos_abstraction.o
                0x00009090                RTOS_BinarySemaphoreCreateStatic_st
 .text.RTOS_MutexCreateStatic_st
                0x000090cc       0x30 ./Sources/ecu_config/rtos_abstraction/rtos_abstraction.o
                0x000090cc                RTOS_MutexCreateStatic_st
 .text.RTOS_StartScheduler_gv
                0x000090fc        0x8 ./Sources/ecu_config/rtos_abstraction/rtos_abstraction.o
                0x000090fc                RTOS_StartScheduler_gv
 .text.vApplicationGetIdleTaskMemory
                0x00009104       0x18 ./Sources/ecu_config/rtos_abstraction/rtos_abstraction.o
                0x00009104                vApplicationGetIdleTaskMemory
 .text.vApplicationGetTimerTaskMemory
                0x0000911c       0x18 ./Sources/ecu_config/rtos_abstraction/rtos_abstraction.o
                0x0000911c                vApplicationGetTimerTaskMemory
 .text.vApplicationStackOverflowHook
                0x00009134       0x12 ./Sources/ecu_config/rtos_abstraction/rtos_abstraction.o
                0x00009134                vApplicationStackOverflowHook
 .text.vApplicationIdleHook
                0x00009146        0x2 ./Sources/ecu_config/rtos_abstraction/rtos_abstraction.o
                0x00009146                vApplicationIdleHook
 .text.RTOS_TaskDelayUntil_st
                0x00009148       0x10 ./Sources/ecu_config/rtos_abstraction/rtos_abstraction.o
                0x00009148                RTOS_TaskDelayUntil_st
 .text.RTOS_TaskDelay_st
                0x00009158       0x24 ./Sources/ecu_config/rtos_abstraction/rtos_abstraction.o
                0x00009158                RTOS_TaskDelay_st
 .text.RTOS_TaskTimingStart_st
                0x0000917c       0xb4 ./Sources/ecu_config/rtos_abstraction/rtos_abstraction.o
                0x0000917c                RTOS_TaskTimingStart_st
 .text.RTOS_TaskTimingEnd_st
                0x00009230       0x50 ./Sources/ecu_config/rtos_abstraction/rtos_abstraction.o
                0x00009230                RTOS_TaskTimingEnd_st
 .text.RTOS_PeakStackUsed_st
                0x00009280       0x4c ./Sources/ecu_config/rtos_abstraction/rtos_abstraction.o
                0x00009280                RTOS_PeakStackUsed_st
 .text.main     0x000092cc       0x18 ./Sources/main.o
                0x000092cc                main
 .text.DRV_CAN_Init_gen
                0x000092e4       0x40 ./Sources/mcu_drivers/drv_can.o
                0x000092e4                DRV_CAN_Init_gen
 .text.DRV_CAN_ConfigRxBuffer_gen
                0x00009324       0x34 ./Sources/mcu_drivers/drv_can.o
                0x00009324                DRV_CAN_ConfigRxBuffer_gen
 .text.DRV_CAN_ConfigTxBuffer_gen
                0x00009358       0x48 ./Sources/mcu_drivers/drv_can.o
                0x00009358                DRV_CAN_ConfigTxBuffer_gen
 .text.DRV_CAN_TransmitBlock_gen
                0x000093a0       0x54 ./Sources/mcu_drivers/drv_can.o
                0x000093a0                DRV_CAN_TransmitBlock_gen
 .text.DRV_CAN_ReceiveNonBlock_gen
                0x000093f4       0x60 ./Sources/mcu_drivers/drv_can.o
                0x000093f4                DRV_CAN_ReceiveNonBlock_gen
 .text.CCIF_Handler
                0x00009454       0x10 ./Sources/mcu_drivers/drv_flash.o
                0x00009454                CCIF_Handler
 .text.DRV_FLASH_Init_gen
                0x00009464       0x28 ./Sources/mcu_drivers/drv_flash.o
                0x00009464                DRV_FLASH_Init_gen
 .text.DRV_GPIO_Init_gen
                0x0000948c       0xd8 ./Sources/mcu_drivers/drv_gpio.o
                0x0000948c                DRV_GPIO_Init_gen
 .text.DRV_GPIO_ClearIntrupt_gen
                0x00009564       0x2c ./Sources/mcu_drivers/drv_gpio.o
                0x00009564                DRV_GPIO_ClearIntrupt_gen
 .text.DRV_GPIOE_ISRHandler_v
                0x00009590        0xa ./Sources/mcu_drivers/drv_gpio.o
 .text.DRV_GPIOD_ISRHandler_v
                0x0000959a       0x22 ./Sources/mcu_drivers/drv_gpio.o
 .text.DRV_GPIOC_ISRHandler_v
                0x000095bc       0x10 ./Sources/mcu_drivers/drv_gpio.o
 .text.DRV_GPIOB_ISRHandler_v
                0x000095cc        0xa ./Sources/mcu_drivers/drv_gpio.o
 .text.DRV_GPIOA_ISRHandler_v
                0x000095d6       0x1c ./Sources/mcu_drivers/drv_gpio.o
 *fill*         0x000095f2        0x2 
 .text.DRV_I2C_WriteBlock_gen
                0x000095f4       0x5c ./Sources/mcu_drivers/drv_i2c.o
                0x000095f4                DRV_I2C_WriteBlock_gen
 .text.DRV_NVIC_EnableIRQ_gen
                0x00009650       0x1c ./Sources/mcu_drivers/drv_nvic.o
                0x00009650                DRV_NVIC_EnableIRQ_gen
 .text.DRV_NVIC_DisableIRQ_gen
                0x0000966c       0x1c ./Sources/mcu_drivers/drv_nvic.o
                0x0000966c                DRV_NVIC_DisableIRQ_gen
 .text.DRV_NVIC_IRQConfig_gen
                0x00009688       0x34 ./Sources/mcu_drivers/drv_nvic.o
                0x00009688                DRV_NVIC_IRQConfig_gen
 .text.DRV_Timer_Ch3_IRQHandler
                0x000096bc       0x18 ./Sources/mcu_drivers/drv_timer.o
 .text.DRV_Timer_Ch0_IRQHandler
                0x000096d4       0x18 ./Sources/mcu_drivers/drv_timer.o
 .text.DRV_Timer_Ch2_IRQHandler
                0x000096ec       0x1c ./Sources/mcu_drivers/drv_timer.o
 .text.DRV_Timer_Ch1_IRQHandler
                0x00009708       0x1c ./Sources/mcu_drivers/drv_timer.o
 .text.DRV_Timer_Init_gv
                0x00009724       0x70 ./Sources/mcu_drivers/drv_timer.o
                0x00009724                DRV_Timer_Init_gv
 .text.DRV_Timer_Start_gv
                0x00009794       0x1c ./Sources/mcu_drivers/drv_timer.o
                0x00009794                DRV_Timer_Start_gv
 .text.DRV_Timer_Stop_gv
                0x000097b0       0x1c ./Sources/mcu_drivers/drv_timer.o
                0x000097b0                DRV_Timer_Stop_gv
 .text.DRV_Timer_Delay_gv
                0x000097cc       0x84 ./Sources/mcu_drivers/drv_timer.o
                0x000097cc                DRV_Timer_Delay_gv
 .text.DRV_Timer_InterruptConfig_gst
                0x00009850       0x64 ./Sources/mcu_drivers/drv_timer.o
                0x00009850                DRV_Timer_InterruptConfig_gst
 .text.Test_ResponseFrame_gv
                0x000098b4       0xb0 ./Sources/test_automation/automation.o
                0x000098b4                Test_ResponseFrame_gv
 .text.Test_InpurDataUpdate_gv
                0x00009964       0x34 ./Sources/test_automation/automation.o
                0x00009964                Test_InpurDataUpdate_gv
 .text.TEST_ReadTestCases_gv
                0x00009998      0x10c ./Sources/test_automation/automation.o
                0x00009998                TEST_ReadTestCases_gv
 .text.memcpy   0x00009aa4       0x16 C:/NXP/S32DS_ARM_v2.2/S32DS/build_tools/gcc_v6.3/gcc-6.3-arm32-eabi/arm-none-eabi/newlib/lib/thumb/v7e-m/fpv4-sp/hard\libc_nano.a(lib_a-memcpy-stub.o)
                0x00009aa4                memcpy
 .text.memset   0x00009aba       0x10 C:/NXP/S32DS_ARM_v2.2/S32DS/build_tools/gcc_v6.3/gcc-6.3-arm32-eabi/arm-none-eabi/newlib/lib/thumb/v7e-m/fpv4-sp/hard\libc_nano.a(lib_a-memset.o)
                0x00009aba                memset
 *(.rodata)
 *fill*         0x00009aca        0x2 
 .rodata        0x00009acc       0x20 ./Sources/bms_application/state_machine/hsm.o
 *(.rodata*)
 .rodata.Flash1_InitConfig0
                0x00009aec       0x14 ./Generated_Code/Flash1.o
                0x00009aec                Flash1_InitConfig0
 .rodata.canCom1_InitConfig0
                0x00009b00       0x38 ./Generated_Code/canCom1.o
                0x00009b00                canCom1_InitConfig0
 .rodata.lpit1_InitConfig
                0x00009b38        0x2 ./Generated_Code/lpit1.o
                0x00009b38                lpit1_InitConfig
 *fill*         0x00009b3a        0x2 
 .rodata.s_adcBase
                0x00009b3c        0x8 ./SDK/platform/drivers/src/adc/adc_driver.o
 .rodata.clockNameMappings
                0x00009b44       0x9e ./SDK/platform/drivers/src/clock/S32K1xx/clock_S32K1xx.o
                0x00009b44                clockNameMappings
 *fill*         0x00009be2        0x2 
 .rodata.maxSysClksInHSRUN.7598
                0x00009be4       0x54 ./SDK/platform/drivers/src/clock/S32K1xx/clock_S32K1xx.o
 .rodata.maxSysClksInRUN.7597
                0x00009c38       0x54 ./SDK/platform/drivers/src/clock/S32K1xx/clock_S32K1xx.o
 .rodata.maxSysClksInVLPR.7596
                0x00009c8c       0x54 ./SDK/platform/drivers/src/clock/S32K1xx/clock_S32K1xx.o
 .rodata.peripheralFeaturesList
                0x00009ce0       0x4f ./SDK/platform/drivers/src/clock/S32K1xx/clock_S32K1xx.o
                0x00009ce0                peripheralFeaturesList
 *fill*         0x00009d2f        0x1 
 .rodata.g_flexcanBase
                0x00009d30        0xc ./SDK/platform/drivers/src/flexcan/flexcan_driver.o
 .rodata.g_flexcanBusOffIrqId
                0x00009d3c        0x3 ./SDK/platform/drivers/src/flexcan/flexcan_driver.o
 *fill*         0x00009d3f        0x1 
 .rodata.g_flexcanErrorIrqId
                0x00009d40        0x3 ./SDK/platform/drivers/src/flexcan/flexcan_driver.o
 *fill*         0x00009d43        0x1 
 .rodata.g_flexcanOredMessageBufferIrqId
                0x00009d44        0x6 ./SDK/platform/drivers/src/flexcan/flexcan_driver.o
 *fill*         0x00009d4a        0x2 
 .rodata.g_flexcanWakeUpIrqId
                0x00009d4c        0x3 ./SDK/platform/drivers/src/flexcan/flexcan_driver.o
 *fill*         0x00009d4f        0x1 
 .rodata.payload_code.7580
                0x00009d50       0x41 ./SDK/platform/drivers/src/flexcan/flexcan_hw_access.o
 *fill*         0x00009d91        0x3 
 .rodata.g_flexioBase
                0x00009d94        0x4 ./SDK/platform/drivers/src/flexio/flexio_common.o
                0x00009d94                g_flexioBase
 .rodata.g_lpi2cDMASrc
                0x00009d98        0x2 ./SDK/platform/drivers/src/lpi2c/lpi2c_driver.o
 *fill*         0x00009d9a        0x2 
 .rodata.s_pdbBase
                0x00009d9c        0x8 ./SDK/platform/drivers/src/pdb/pdb_driver.o
 .rodata.vTaskStartScheduler.str1.4
                0x00009da4        0x5 ./SDK/rtos/FreeRTOS_S32K/Source/tasks.o
 *fill*         0x00009da9        0x3 
 .rodata.prvCheckForValidListAndQueue.str1.4
                0x00009dac        0x5 ./SDK/rtos/FreeRTOS_S32K/Source/timers.o
 *fill*         0x00009db1        0x3 
 .rodata.xTimerCreateTimerTask.str1.4
                0x00009db4        0x8 ./SDK/rtos/FreeRTOS_S32K/Source/timers.o
 .rodata.APP_PrimaryAlarmMasks_st
                0x00009dbc        0xe ./Sources/bms_application/protection/bms_protection.o
                0x00009dbc                APP_PrimaryAlarmMasks_st
 *fill*         0x00009dca        0x2 
 .rodata.RTOS_QueueConfig_st
                0x00009dcc       0x18 ./Sources/bms_application/rtos_task/vpush_rtos.o
                0x00009dcc                RTOS_QueueConfig_st
 .rodata.RTOS_TaskConfig_st
                0x00009de4       0x64 ./Sources/bms_application/rtos_task/vpush_rtos.o
                0x00009de4                RTOS_TaskConfig_st
 .rodata.str1.4
                0x00009e48       0x2c ./Sources/bms_application/rtos_task/vpush_rtos.o
 .rodata.HSM_StateTable_fptr
                0x00009e74       0x4c ./Sources/bms_application/state_machine/hsm.o
 .rodata.DRV_CanConfig_arrst
                0x00009ec0        0xc ./Sources/mcu_drivers/drv_can.o
 .rodata.DRV_CanInstances_arrst
                0x00009ecc        0x3 ./Sources/mcu_drivers/drv_can.o
 *fill*         0x00009ecf        0x1 
 .rodata.DRV_NVIC_IRQ_GlobleTable_arrst
                0x00009ed0       0x15 ./Sources/mcu_drivers/drv_nvic.o
 *(.init)
 *fill*         0x00009ee5        0x3 
 .init          0x00009ee8        0x4 c:/nxp/s32ds_arm_v2.2/s32ds/build_tools/gcc_v6.3/gcc-6.3-arm32-eabi/bin/../lib/gcc/arm-none-eabi/6.3.1/thumb/v7e-m/fpv4-sp/hard/crti.o
                0x00009ee8                _init
 *(.fini)
 .fini          0x00009eec        0x4 c:/nxp/s32ds_arm_v2.2/s32ds/build_tools/gcc_v6.3/gcc-6.3-arm32-eabi/bin/../lib/gcc/arm-none-eabi/6.3.1/thumb/v7e-m/fpv4-sp/hard/crti.o
                0x00009eec                _fini
 *(.eh_frame)
                0x00009ef0                . = ALIGN (0x4)

.glue_7         0x00009ef0        0x0
 .glue_7        0x00009ef0        0x0 linker stubs

.glue_7t        0x00009ef0        0x0
 .glue_7t       0x00009ef0        0x0 linker stubs

.vfp11_veneer   0x00009ef0        0x0
 .vfp11_veneer  0x00009ef0        0x0 linker stubs

.v4_bx          0x00009ef0        0x0
 .v4_bx         0x00009ef0        0x0 linker stubs

.iplt           0x00009ef0        0x0
 .iplt          0x00009ef0        0x0 c:/nxp/s32ds_arm_v2.2/s32ds/build_tools/gcc_v6.3/gcc-6.3-arm32-eabi/bin/../lib/gcc/arm-none-eabi/6.3.1/thumb/v7e-m/fpv4-sp/hard/crtbegin.o

.ARM            0x00009ef0        0x8
                0x00009ef0                __exidx_start = .
 *(.ARM.exidx*)
 .ARM.exidx     0x00009ef0        0x8 c:/nxp/s32ds_arm_v2.2/s32ds/build_tools/gcc_v6.3/gcc-6.3-arm32-eabi/bin/../lib/gcc/arm-none-eabi/6.3.1/thumb/v7e-m/fpv4-sp/hard\libgcc.a(_udivmoddi4.o)
                0x00009ef8                __exidx_end = .
                0x00009ef8                __etext = .
                0x00009ef8                __DATA_ROM = .

.rel.dyn        0x00009ef8        0x0
 .rel.iplt      0x00009ef8        0x0 c:/nxp/s32ds_arm_v2.2/s32ds/build_tools/gcc_v6.3/gcc-6.3-arm32-eabi/bin/../lib/gcc/arm-none-eabi/6.3.1/thumb/v7e-m/fpv4-sp/hard/crtbegin.o

.interrupts_ram
                0x1fff8000      0x400
                0x1fff8000                . = ALIGN (0x4)
                0x1fff8000                __VECTOR_RAM__ = .
                0x1fff8000                __RAM_START = .
                0x1fff8000                __interrupts_ram_start__ = .
 *(.m_interrupts_ram)
                0x1fff8400                . = (. + M_VECTOR_RAM_SIZE)
 *fill*         0x1fff8000      0x400 
                0x1fff8400                . = ALIGN (0x4)
                0x1fff8400                __interrupts_ram_end__ = .
                0x1fff8000                __VECTOR_RAM = DEFINED (__flash_vector_table__)?ORIGIN (m_interrupts):__VECTOR_RAM__
                0x00000400                __RAM_VECTOR_TABLE_SIZE = DEFINED (__flash_vector_table__)?0x0:(__interrupts_ram_end__ - __interrupts_ram_start__)

.data           0x1fff8400      0x7a4 load address 0x00009ef8
                0x1fff8400                . = ALIGN (0x4)
                0x1fff8400                __DATA_RAM = .
                0x1fff8400                __data_start__ = .
 *(.data)
 *(.data*)
 .data.clockMan1_InitConfig0
                0x1fff8400       0x78 ./Generated_Code/clockMan1.o
                0x1fff8400                clockMan1_InitConfig0
 .data.peripheralClockConfig0
                0x1fff8478       0x8c ./Generated_Code/clockMan1.o
                0x1fff8478                peripheralClockConfig0
 .data.lpit1_ChnConfig0
                0x1fff8504       0x18 ./Generated_Code/lpit1.o
                0x1fff8504                lpit1_ChnConfig0
 .data.lpit1_ChnConfig1
                0x1fff851c       0x18 ./Generated_Code/lpit1.o
                0x1fff851c                lpit1_ChnConfig1
 .data.g_pin_mux_InitConfigArr
                0x1fff8534      0x390 ./Generated_Code/pin_mux.o
                0x1fff8534                g_pin_mux_InitConfigArr
 .data.peripheralClockConfig.7360
                0x1fff88c4       0xa0 ./SDK/platform/drivers/src/clock/S32K1xx/clock_S32K1xx.o
 .data.uxCriticalNesting
                0x1fff8964        0x4 ./SDK/rtos/FreeRTOS_S32K/Source/portable/GCC/ARM_CM4F/port.o
 .data.CAN_QueueDataFrame_St
                0x1fff8968       0xd8 ./Sources/bms_application/bussines_logic/can_comm.o
                0x1fff8968                CAN_QueueDataFrame_St
 .data.status_en
                0x1fff8a40        0x1 ./Sources/bms_application/rtos_task/state_proccessing.o
                0x1fff8a40                status_en
 *fill*         0x1fff8a41        0x3 
 .data.DRV_GpioConfigTable_gst
                0x1fff8a44      0x138 ./Sources/ecu_config/bsp_config.o
                0x1fff8a44                DRV_GpioConfigTable_gst
 .data.DRV_TimerConfigTable_gst
                0x1fff8b7c        0x6 ./Sources/ecu_config/bsp_config.o
                0x1fff8b7c                DRV_TimerConfigTable_gst
 *fill*         0x1fff8b82        0x2 
 .data.DRV_i2cConfigTable_gst
                0x1fff8b84        0x3 ./Sources/ecu_config/bsp_config.o
                0x1fff8b84                DRV_i2cConfigTable_gst
 *fill*         0x1fff8b87        0x1 
 .data.DRV_timerChannelConfig
                0x1fff8b88        0xc ./Sources/mcu_drivers/drv_timer.o
                0x1fff8b88                DRV_timerChannelConfig
 .data.DRV_timerConfig
                0x1fff8b94        0xc ./Sources/mcu_drivers/drv_timer.o
                0x1fff8b94                DRV_timerConfig
 .data.ram_ptr  0x1fff8ba0        0x4 ./Sources/test_automation/automation.o
                0x1fff8ba0                ram_ptr
                0x1fff8ba4                . = ALIGN (0x4)
                0x1fff8ba4                __data_end__ = .
                0x0000a69c                __DATA_END = (__DATA_ROM + (__data_end__ - __data_start__))
                0x0000a69c                __CODE_ROM = __DATA_END

.igot.plt       0x1fff8ba4        0x0 load address 0x0000a69c
 .igot.plt      0x1fff8ba4        0x0 c:/nxp/s32ds_arm_v2.2/s32ds/build_tools/gcc_v6.3/gcc-6.3-arm32-eabi/bin/../lib/gcc/arm-none-eabi/6.3.1/thumb/v7e-m/fpv4-sp/hard/crtbegin.o

.code           0x1fff8ba4        0x0 load address 0x0000a69c
                0x1fff8ba4                . = ALIGN (0x4)
                0x1fff8ba4                __CODE_RAM = .
                0x1fff8ba4                __code_start__ = .
                0x1fff8ba4                __code_ram_start__ = .
 *(.code_ram)
                0x1fff8ba4                . = ALIGN (0x4)
                0x1fff8ba4                __code_end__ = .
                0x1fff8ba4                __code_ram_end__ = .
                0x0000a69c                __CODE_END = (__CODE_ROM + (__code_end__ - __code_start__))
                0x0000a69c                __CUSTOM_ROM = __CODE_END

.customSectionBlock
                0x20000000        0x0 load address 0x0000a69c
                0x20000000                __customSection_start__ = .
 *(.customSection)
                0x20000000                __customSection_end__ = .
                0x0000a69c                __CUSTOM_END = (__CUSTOM_ROM + (__customSection_end__ - __customSection_start__))

.bss            0x20000000     0x57b4
                0x20000000                . = ALIGN (0x4)
                0x20000000                __BSS_START = .
                0x20000000                __bss_start__ = .
 *(.bss)
 *(.bss*)
 .bss.g_RtcClkInFreq
                0x20000000        0x4 ./SDK/platform/drivers/src/clock/S32K1xx/clock_S32K1xx.o
                0x20000000                g_RtcClkInFreq
 .bss.g_TClkFreq
                0x20000004        0xc ./SDK/platform/drivers/src/clock/S32K1xx/clock_S32K1xx.o
                0x20000004                g_TClkFreq
 .bss.g_xtal0ClkFreq
                0x20000010        0x4 ./SDK/platform/drivers/src/clock/S32K1xx/clock_S32K1xx.o
                0x20000010                g_xtal0ClkFreq
 .bss.s_virtEdmaState
                0x20000014        0x4 ./SDK/platform/drivers/src/edma/edma_driver.o
 .bss.g_flexcanStatePtr
                0x20000018        0xc ./SDK/platform/drivers/src/flexcan/flexcan_driver.o
 .bss.g_flexioDeviceStatePtr
                0x20000024        0x4 ./SDK/platform/drivers/src/flexio/flexio_common.o
                0x20000024                g_flexioDeviceStatePtr
 .bss.g_lpi2cMasterStatePtr
                0x20000028        0x4 ./SDK/platform/drivers/src/lpi2c/lpi2c_driver.o
 .bss.g_lpi2cSlaveStatePtr
                0x2000002c        0x4 ./SDK/platform/drivers/src/lpi2c/lpi2c_driver.o
 .bss.s_lpitSourceClockFrequency
                0x20000030        0x4 ./SDK/platform/drivers/src/lpit/lpit_driver.o
 .bss.adcPalState
                0x20000034       0x38 ./SDK/platform/pal/src/adc/adc_pal.o
 .bss.xQueueRegistry
                0x2000006c       0xa0 ./SDK/rtos/FreeRTOS_S32K/Source/queue.o
                0x2000006c                xQueueRegistry
 .bss.pxCurrentTCB
                0x2000010c        0x4 ./SDK/rtos/FreeRTOS_S32K/Source/tasks.o
                0x2000010c                pxCurrentTCB
 .bss.pxDelayedTaskList
                0x20000110        0x4 ./SDK/rtos/FreeRTOS_S32K/Source/tasks.o
 .bss.pxOverflowDelayedTaskList
                0x20000114        0x4 ./SDK/rtos/FreeRTOS_S32K/Source/tasks.o
 .bss.pxReadyTasksLists
                0x20000118       0x64 ./SDK/rtos/FreeRTOS_S32K/Source/tasks.o
 .bss.uxCurrentNumberOfTasks
                0x2000017c        0x4 ./SDK/rtos/FreeRTOS_S32K/Source/tasks.o
 .bss.uxDeletedTasksWaitingCleanUp
                0x20000180        0x4 ./SDK/rtos/FreeRTOS_S32K/Source/tasks.o
 .bss.uxPendedTicks
                0x20000184        0x4 ./SDK/rtos/FreeRTOS_S32K/Source/tasks.o
 .bss.uxSchedulerSuspended
                0x20000188        0x4 ./SDK/rtos/FreeRTOS_S32K/Source/tasks.o
 .bss.uxTaskNumber
                0x2000018c        0x4 ./SDK/rtos/FreeRTOS_S32K/Source/tasks.o
 .bss.uxTopReadyPriority
                0x20000190        0x4 ./SDK/rtos/FreeRTOS_S32K/Source/tasks.o
 .bss.xDelayedTaskList1
                0x20000194       0x14 ./SDK/rtos/FreeRTOS_S32K/Source/tasks.o
 .bss.xDelayedTaskList2
                0x200001a8       0x14 ./SDK/rtos/FreeRTOS_S32K/Source/tasks.o
 .bss.xNextTaskUnblockTime
                0x200001bc        0x4 ./SDK/rtos/FreeRTOS_S32K/Source/tasks.o
 .bss.xNumOfOverflows
                0x200001c0        0x4 ./SDK/rtos/FreeRTOS_S32K/Source/tasks.o
 .bss.xPendingReadyList
                0x200001c4       0x14 ./SDK/rtos/FreeRTOS_S32K/Source/tasks.o
 .bss.xSchedulerRunning
                0x200001d8        0x4 ./SDK/rtos/FreeRTOS_S32K/Source/tasks.o
 .bss.xSuspendedTaskList
                0x200001dc       0x14 ./SDK/rtos/FreeRTOS_S32K/Source/tasks.o
 .bss.xTasksWaitingTermination
                0x200001f0       0x14 ./SDK/rtos/FreeRTOS_S32K/Source/tasks.o
 .bss.xTickCount
                0x20000204        0x4 ./SDK/rtos/FreeRTOS_S32K/Source/tasks.o
 .bss.xYieldPending
                0x20000208        0x4 ./SDK/rtos/FreeRTOS_S32K/Source/tasks.o
 .bss.pxCurrentTimerList
                0x2000020c        0x4 ./SDK/rtos/FreeRTOS_S32K/Source/timers.o
 .bss.pxOverflowTimerList
                0x20000210        0x4 ./SDK/rtos/FreeRTOS_S32K/Source/timers.o
 .bss.ucStaticTimerQueueStorage.6463
                0x20000214       0x78 ./SDK/rtos/FreeRTOS_S32K/Source/timers.o
 .bss.xActiveTimerList1
                0x2000028c       0x14 ./SDK/rtos/FreeRTOS_S32K/Source/timers.o
 .bss.xActiveTimerList2
                0x200002a0       0x14 ./SDK/rtos/FreeRTOS_S32K/Source/timers.o
 .bss.xLastTime.6414
                0x200002b4        0x4 ./SDK/rtos/FreeRTOS_S32K/Source/timers.o
 .bss.xStaticTimerQueue.6462
                0x200002b8       0x4c ./SDK/rtos/FreeRTOS_S32K/Source/timers.o
 .bss.xTimerQueue
                0x20000304        0x4 ./SDK/rtos/FreeRTOS_S32K/Source/timers.o
 .bss.xTimerTaskHandle
                0x20000308        0x4 ./SDK/rtos/FreeRTOS_S32K/Source/timers.o
 .bss.ucMaxSysCallPriority
                0x2000030c        0x1 ./SDK/rtos/FreeRTOS_S32K/Source/portable/GCC/ARM_CM4F/port.o
 *fill*         0x2000030d        0x3 
 .bss.ulMaxPRIGROUPValue
                0x20000310        0x4 ./SDK/rtos/FreeRTOS_S32K/Source/portable/GCC/ARM_CM4F/port.o
 .bss.APP_InitTimeout_mu32.11057
                0x20000314        0x4 ./Sources/bms_application/application/app_timer.o
 .bss.APP_MS_Counter_u32
                0x20000318        0x4 ./Sources/bms_application/application/app_timer.o
 .bss.APP_Set_Flag
                0x2000031c        0x9 ./Sources/bms_application/application/app_timer.o
                0x2000031c                APP_Set_Flag
 *fill*         0x20000325        0x3 
 .bss.CAN_Rx_Counter_u32
                0x20000328        0x4 ./Sources/bms_application/application/app_timer.o
                0x20000328                CAN_Rx_Counter_u32
 .bss.CAN_tx_Counter_mu32.11058
                0x2000032c        0x4 ./Sources/bms_application/application/app_timer.o
 .bss.CAN_Status_St
                0x20000330        0x1 ./Sources/bms_application/bussines_logic/can_comm.o
                0x20000330                CAN_Status_St
 .bss.CAN_Tx_Timer_b
                0x20000331        0x1 ./Sources/bms_application/bussines_logic/can_comm.o
                0x20000331                CAN_Tx_Timer_b
 *fill*         0x20000332        0x2 
 .bss.APP_FaultStatus_mst
                0x20000334        0xe ./Sources/bms_application/protection/bms_protection.o
                0x20000334                APP_FaultStatus_mst
 *fill*         0x20000342        0x2 
 .bss.APP_GlobleProtectionLevelFaults_St
                0x20000344       0x4e ./Sources/bms_application/protection/bms_protection.o
                0x20000344                APP_GlobleProtectionLevelFaults_St
 *fill*         0x20000392        0x2 
 .bss.APP_criticalNonCriticalFault_st
                0x20000394        0x4 ./Sources/bms_application/protection/bms_protection.o
                0x20000394                APP_criticalNonCriticalFault_st
 .bss.faultStatus_st.10917
                0x20000398        0x1 ./Sources/bms_application/protection/bms_protection.o
 *fill*         0x20000399        0x3 
 .bss.receivedFrame_st
                0x2000039c       0x12 ./Sources/bms_application/rtos_task/queue_handling.o
                0x2000039c                receivedFrame_st
 *fill*         0x200003ae        0x2 
 .bss.RTOS_BMS_StateProcessingThread_stack
                0x200003b0      0x400 ./Sources/bms_application/rtos_task/vpush_rtos.o
                0x200003b0                RTOS_BMS_StateProcessingThread_stack
 .bss.RTOS_CAN_Queue_memory_arru8
                0x200007b0      0x258 ./Sources/bms_application/rtos_task/vpush_rtos.o
                0x200007b0                RTOS_CAN_Queue_memory_arru8
 .bss.RTOS_DataProcessingThread_stack
                0x20000a08      0xc00 ./Sources/bms_application/rtos_task/vpush_rtos.o
                0x20000a08                RTOS_DataProcessingThread_stack
 .bss.RTOS_HSM_Queue_memory_arru8
                0x20001608       0x28 ./Sources/bms_application/rtos_task/vpush_rtos.o
                0x20001608                RTOS_HSM_Queue_memory_arru8
 .bss.RTOS_QueueReceiveThread_stack
                0x20001630      0x200 ./Sources/bms_application/rtos_task/vpush_rtos.o
                0x20001630                RTOS_QueueReceiveThread_stack
 .bss.RTOS_SoCEstimationThread_stack
                0x20001830      0xc00 ./Sources/bms_application/rtos_task/vpush_rtos.o
                0x20001830                RTOS_SoCEstimationThread_stack
 .bss.RTOS_WDT_Thread_stack